Archive member included to satisfy reference by file (symbol)

/Applications/ArmGNUToolchain/13.2.Rel1/arm-none-eabi/bin/../lib/gcc/arm-none-eabi/13.2.1/thumb/v6-m/nofp/libgcc.a(_dvmd_tls.o)
                              CMakeFiles/blink.dir/Users/Joel/Pico/pico-sdk/src/rp2_common/pico_divider/divider.S.obj (__aeabi_idiv0)
/Applications/ArmGNUToolchain/13.2.Rel1/arm-none-eabi/bin/../lib/gcc/arm-none-eabi/13.2.1/../../../../arm-none-eabi/lib/thumb/v6-m/nofp/libc.a(libc_a-calloc.o)
                              CMakeFiles/blink.dir/Users/Joel/Pico/pico-sdk/src/rp2_common/pico_malloc/pico_malloc.c.obj (calloc)
/Applications/ArmGNUToolchain/13.2.Rel1/arm-none-eabi/bin/../lib/gcc/arm-none-eabi/13.2.1/../../../../arm-none-eabi/lib/thumb/v6-m/nofp/libc.a(libc_a-callocr.o)
                              /Applications/ArmGNUToolchain/13.2.Rel1/arm-none-eabi/bin/../lib/gcc/arm-none-eabi/13.2.1/../../../../arm-none-eabi/lib/thumb/v6-m/nofp/libc.a(libc_a-calloc.o) (_calloc_r)
/Applications/ArmGNUToolchain/13.2.Rel1/arm-none-eabi/bin/../lib/gcc/arm-none-eabi/13.2.1/../../../../arm-none-eabi/lib/thumb/v6-m/nofp/libc.a(libc_a-malloc.o)
                              CMakeFiles/blink.dir/Users/Joel/Pico/pico-sdk/src/rp2_common/pico_malloc/pico_malloc.c.obj (malloc)
/Applications/ArmGNUToolchain/13.2.Rel1/arm-none-eabi/bin/../lib/gcc/arm-none-eabi/13.2.1/../../../../arm-none-eabi/lib/thumb/v6-m/nofp/libc.a(libc_a-mallocr.o)
                              /Applications/ArmGNUToolchain/13.2.Rel1/arm-none-eabi/bin/../lib/gcc/arm-none-eabi/13.2.1/../../../../arm-none-eabi/lib/thumb/v6-m/nofp/libc.a(libc_a-callocr.o) (_malloc_r)
/Applications/ArmGNUToolchain/13.2.Rel1/arm-none-eabi/bin/../lib/gcc/arm-none-eabi/13.2.1/../../../../arm-none-eabi/lib/thumb/v6-m/nofp/libc.a(libc_a-mlock.o)
                              /Applications/ArmGNUToolchain/13.2.Rel1/arm-none-eabi/bin/../lib/gcc/arm-none-eabi/13.2.1/../../../../arm-none-eabi/lib/thumb/v6-m/nofp/libc.a(libc_a-mallocr.o) (__malloc_lock)
/Applications/ArmGNUToolchain/13.2.Rel1/arm-none-eabi/bin/../lib/gcc/arm-none-eabi/13.2.1/../../../../arm-none-eabi/lib/thumb/v6-m/nofp/libc.a(libc_a-realloc.o)
                              CMakeFiles/blink.dir/Users/Joel/Pico/pico-sdk/src/rp2_common/pico_malloc/pico_malloc.c.obj (realloc)
/Applications/ArmGNUToolchain/13.2.Rel1/arm-none-eabi/bin/../lib/gcc/arm-none-eabi/13.2.1/../../../../arm-none-eabi/lib/thumb/v6-m/nofp/libc.a(libc_a-reallocr.o)
                              /Applications/ArmGNUToolchain/13.2.Rel1/arm-none-eabi/bin/../lib/gcc/arm-none-eabi/13.2.1/../../../../arm-none-eabi/lib/thumb/v6-m/nofp/libc.a(libc_a-realloc.o) (_realloc_r)
/Applications/ArmGNUToolchain/13.2.Rel1/arm-none-eabi/bin/../lib/gcc/arm-none-eabi/13.2.1/../../../../arm-none-eabi/lib/thumb/v6-m/nofp/libc.a(libc_a-memcmp.o)
                              CMakeFiles/blink.dir/Users/Joel/Pico/pico-sdk/lib/cyw43-driver/src/cyw43_ll.c.obj (memcmp)
/Applications/ArmGNUToolchain/13.2.Rel1/arm-none-eabi/bin/../lib/gcc/arm-none-eabi/13.2.1/../../../../arm-none-eabi/lib/thumb/v6-m/nofp/libc.a(libc_a-memmove.o)
                              CMakeFiles/blink.dir/Users/Joel/Pico/pico-sdk/lib/cyw43-driver/src/cyw43_ll.c.obj (memmove)
/Applications/ArmGNUToolchain/13.2.Rel1/arm-none-eabi/bin/../lib/gcc/arm-none-eabi/13.2.1/../../../../arm-none-eabi/lib/thumb/v6-m/nofp/libc.a(libc_a-strncmp.o)
                              CMakeFiles/blink.dir/Users/Joel/Pico/pico-sdk/lib/cyw43-driver/src/cyw43_ll.c.obj (strncmp)
/Applications/ArmGNUToolchain/13.2.Rel1/arm-none-eabi/bin/../lib/gcc/arm-none-eabi/13.2.1/../../../../arm-none-eabi/lib/thumb/v6-m/nofp/libc.a(libc_a-impure.o)
                              /Applications/ArmGNUToolchain/13.2.Rel1/arm-none-eabi/bin/../lib/gcc/arm-none-eabi/13.2.1/../../../../arm-none-eabi/lib/thumb/v6-m/nofp/libc.a(libc_a-calloc.o) (_impure_ptr)
/Applications/ArmGNUToolchain/13.2.Rel1/arm-none-eabi/bin/../lib/gcc/arm-none-eabi/13.2.1/../../../../arm-none-eabi/lib/thumb/v6-m/nofp/libc.a(libc_a-sbrkr.o)
                              /Applications/ArmGNUToolchain/13.2.Rel1/arm-none-eabi/bin/../lib/gcc/arm-none-eabi/13.2.1/../../../../arm-none-eabi/lib/thumb/v6-m/nofp/libc.a(libc_a-mallocr.o) (_sbrk_r)
/Applications/ArmGNUToolchain/13.2.Rel1/arm-none-eabi/bin/../lib/gcc/arm-none-eabi/13.2.1/../../../../arm-none-eabi/lib/thumb/v6-m/nofp/libc.a(libc_a-errno.o)
                              /Applications/ArmGNUToolchain/13.2.Rel1/arm-none-eabi/bin/../lib/gcc/arm-none-eabi/13.2.1/../../../../arm-none-eabi/lib/thumb/v6-m/nofp/libc.a(libc_a-callocr.o) (__errno)
/Applications/ArmGNUToolchain/13.2.Rel1/arm-none-eabi/bin/../lib/gcc/arm-none-eabi/13.2.1/../../../../arm-none-eabi/lib/thumb/v6-m/nofp/libc.a(libc_a-sysconf.o)
                              /Applications/ArmGNUToolchain/13.2.Rel1/arm-none-eabi/bin/../lib/gcc/arm-none-eabi/13.2.1/../../../../arm-none-eabi/lib/thumb/v6-m/nofp/libc.a(libc_a-mallocr.o) (sysconf)
[...]
Memory Configuration

Name             Origin             Length             Attributes
FLASH            0x10000000         0x00200000         xr
RAM              0x20000000         0x00040000         xrw
SCRATCH_X        0x20040000         0x00001000         xrw
SCRATCH_Y        0x20041000         0x00001000         xrw
*default*        0x00000000         0xffffffff

Linker script and memory map

LOAD /Applications/ArmGNUToolchain/13.2.Rel1/arm-none-eabi/bin/../lib/gcc/arm-none-eabi/13.2.1/thumb/v6-m/nofp/crti.o
LOAD /Applications/ArmGNUToolchain/13.2.Rel1/arm-none-eabi/bin/../lib/gcc/arm-none-eabi/13.2.1/thumb/v6-m/nofp/crtbegin.o
LOAD /Applications/ArmGNUToolchain/13.2.Rel1/arm-none-eabi/bin/../lib/gcc/arm-none-eabi/13.2.1/../../../../arm-none-eabi/lib/thumb/v6-m/nofp/crt0.o

.flash_begin    0x10000000        0x0
                0x10000000                        __flash_binary_start = .

.boot2          0x10000000      0x100
                0x10000000                        __boot2_start__ = .
 *(.boot2)
 .boot2         0x10000000      0x100 /var/folders/sz/j442j2ls12v3wlfk_s3fbflr0000gn/T//cckMXWdA.o
                0x10000100                        __boot2_end__ = .
                0x00000001                        ASSERT (((__boot2_end__ - __boot2_start__) == 0x100), ERROR: Pico second stage bootloader must be 256 bytes in size)

.text           0x10000100     0xa650
                0x10000100                        __logical_binary_start = .
 *(.vectors)
 .vectors       0x10000100       0xd4 CMakeFiles/blink.dir/Users/Joel/Pico/pico-sdk/src/rp2_common/pico_standard_link/crt0.S.obj
                0x10000100                __VECTOR_TABLE
                0x10000100                __vectors
                0x100001c0                __default_isrs_start
                0x100001c0                isr_invalid
                0x100001c2                isr_nmi
                0x100001c4                isr_hardfault
                0x100001c6                isr_svcall
                0x100001c8                isr_pendsv
                0x100001ca                isr_systick
                0x100001cc                isr_irq28
                0x100001cc                isr_irq19
                0x100001cc                isr_irq0
                0x100001cc                isr_irq6
                0x100001cc                isr_irq22
                0x100001cc                isr_irq17
                0x100001cc                isr_irq14
                0x100001cc                isr_irq2
                0x100001cc                isr_irq10
                0x100001cc                isr_irq8
                0x100001cc                isr_irq24
                0x100001cc                isr_irq1
                0x100001cc                isr_irq7
                0x100001cc                isr_irq21
                0x100001cc                isr_irq20
                0x100001cc                isr_irq15
                0x100001cc                isr_irq25
                0x100001cc                isr_irq4
                0x100001cc                isr_irq16
                0x100001cc                isr_irq29
                0x100001cc                isr_irq26
                0x100001cc                __default_isrs_end
                0x100001cc                isr_irq3
                0x100001cc                isr_irq9
                0x100001cc                __unhandled_user_irq
                0x100001cc                isr_irq13
                0x100001cc                isr_irq27
                0x100001cc                isr_irq31
                0x100001cc                isr_irq5
                0x100001cc                isr_irq11
                0x100001cc                isr_irq23
                0x100001cc                isr_irq18
                0x100001cc                isr_irq30
                0x100001cc                isr_irq12
                0x100001d2                unhandled_user_irq_num_in_r0
 *(.binary_info_header)
 .binary_info_header
                0x100001d4       0x14 CMakeFiles/blink.dir/Users/Joel/Pico/pico-sdk/src/rp2_common/pico_standard_link/crt0.S.obj
                0x100001e8                        __binary_info_header_end = .
 *(.reset)
 .reset         0x100001e8       0xa0 CMakeFiles/blink.dir/Users/Joel/Pico/pico-sdk/src/rp2_common/pico_standard_link/crt0.S.obj
                0x100001e8                _entry_point
 .reset         0x10000288       0x30 CMakeFiles/blink.dir/Users/Joel/Pico/pico-sdk/src/rp2_common/pico_standard_link/binary_info.c.obj
 *(.init)
 .init          0x100002b8        0x4 /Applications/ArmGNUToolchain/13.2.Rel1/arm-none-eabi/bin/../lib/gcc/arm-none-eabi/13.2.1/thumb/v6-m/nofp/crti.o
                0x100002b8                _init
 *(EXCLUDE_FILE(*libm.a: *libc.a:*lib_a-mem*.o *libgcc.a:) .text*)
 .text.register_tm_clones
                0x100002bc       0x28 /Applications/ArmGNUToolchain/13.2.Rel1/arm-none-eabi/bin/../lib/gcc/arm-none-eabi/13.2.1/thumb/v6-m/nofp/crtbegin.o
 .text.frame_dummy
                0x100002e4       0x24 /Applications/ArmGNUToolchain/13.2.Rel1/arm-none-eabi/bin/../lib/gcc/arm-none-eabi/13.2.1/thumb/v6-m/nofp/crtbegin.o
 .text.startup.main
                0x10000308       0x54 CMakeFiles/blink.dir/blink.c.obj
                0x10000308                main
 .text.gpio_set_function
                0x1000035c       0x30 CMakeFiles/blink.dir/Users/Joel/Pico/pico-sdk/src/rp2_common/hardware_gpio/gpio.c.obj
                0x1000035c                gpio_set_function
 .text.gpio_set_pulls
                0x1000038c       0x24 CMakeFiles/blink.dir/Users/Joel/Pico/pico-sdk/src/rp2_common/hardware_gpio/gpio.c.obj
                0x1000038c                gpio_set_pulls
 .text.gpio_set_input_hysteresis_enabled
                0x100003b0       0x28 CMakeFiles/blink.dir/Users/Joel/Pico/pico-sdk/src/rp2_common/hardware_gpio/gpio.c.obj
                0x100003b0                gpio_set_input_hysteresis_enabled
 .text.gpio_set_irq_enabled
                0x100003d8       0x54 CMakeFiles/blink.dir/Users/Joel/Pico/pico-sdk/src/rp2_common/hardware_gpio/gpio.c.obj
                0x100003d8                gpio_set_irq_enabled
 .text.gpio_add_raw_irq_handler_with_order_priority_masked
                0x1000042c       0x44 CMakeFiles/blink.dir/Users/Joel/Pico/pico-sdk/src/rp2_common/hardware_gpio/gpio.c.obj
                0x1000042c                gpio_add_raw_irq_handler_with_order_priority_masked
 .text.gpio_remove_raw_irq_handler_masked
                0x10000470       0x20 CMakeFiles/blink.dir/Users/Joel/Pico/pico-sdk/src/rp2_common/hardware_gpio/gpio.c.obj
                0x10000470                gpio_remove_raw_irq_handler_masked
 .text.gpio_init
                0x10000490       0x3c CMakeFiles/blink.dir/Users/Joel/Pico/pico-sdk/src/rp2_common/hardware_gpio/gpio.c.obj
                0x10000490                gpio_init
 .text.running_on_fpga
                0x100004cc       0x10 CMakeFiles/blink.dir/Users/Joel/Pico/pico-sdk/src/rp2_common/pico_platform/platform.c.obj
                0x100004cc                running_on_fpga
 .text.hw_claim_lock
                0x100004dc       0x18 CMakeFiles/blink.dir/Users/Joel/Pico/pico-sdk/src/rp2_common/hardware_claim/claim.c.obj
                0x100004dc                hw_claim_lock
 .text.hw_claim_unlock
                0x100004f4       0x14 CMakeFiles/blink.dir/Users/Joel/Pico/pico-sdk/src/rp2_common/hardware_claim/claim.c.obj
                0x100004f4                hw_claim_unlock
 .text.hw_claim_or_assert
                0x10000508       0x44 CMakeFiles/blink.dir/Users/Joel/Pico/pico-sdk/src/rp2_common/hardware_claim/claim.c.obj
                0x10000508                hw_claim_or_assert
 .text.hw_claim_unused_from_range
                0x1000054c       0x9c CMakeFiles/blink.dir/Users/Joel/Pico/pico-sdk/src/rp2_common/hardware_claim/claim.c.obj
                0x1000054c                hw_claim_unused_from_range
 .text.hw_claim_clear
                0x100005e8       0x38 CMakeFiles/blink.dir/Users/Joel/Pico/pico-sdk/src/rp2_common/hardware_claim/claim.c.obj
                0x100005e8                hw_claim_clear
 .text.spin_locks_reset
                0x10000620       0x1c CMakeFiles/blink.dir/Users/Joel/Pico/pico-sdk/src/rp2_common/hardware_sync/sync.c.obj
                0x10000620                spin_locks_reset
 .text.next_striped_spin_lock_num
                0x1000063c       0x18 CMakeFiles/blink.dir/Users/Joel/Pico/pico-sdk/src/rp2_common/hardware_sync/sync.c.obj
                0x1000063c                next_striped_spin_lock_num
 .text.spin_lock_claim_unused
                0x10000654       0x24 CMakeFiles/blink.dir/Users/Joel/Pico/pico-sdk/src/rp2_common/hardware_sync/sync.c.obj
                0x10000654                spin_lock_claim_unused
 .text.irq_set_enabled
                0x10000678       0x24 CMakeFiles/blink.dir/Users/Joel/Pico/pico-sdk/src/rp2_common/hardware_irq/irq.c.obj
                0x10000678                irq_set_enabled
 .text.irq_set_pending
                0x1000069c       0x10 CMakeFiles/blink.dir/Users/Joel/Pico/pico-sdk/src/rp2_common/hardware_irq/irq.c.obj
                0x1000069c                irq_set_pending
 .text.irq_has_shared_handler
                0x100006ac       0x2c CMakeFiles/blink.dir/Users/Joel/Pico/pico-sdk/src/rp2_common/hardware_irq/irq.c.obj
                0x100006ac                irq_has_shared_handler
 .text.irq_get_vtable_handler
                0x100006d8       0x10 CMakeFiles/blink.dir/Users/Joel/Pico/pico-sdk/src/rp2_common/hardware_irq/irq.c.obj
                0x100006d8                irq_get_vtable_handler
 .text.irq_set_exclusive_handler
                0x100006e8       0x54 CMakeFiles/blink.dir/Users/Joel/Pico/pico-sdk/src/rp2_common/hardware_irq/irq.c.obj
                0x100006e8                irq_set_exclusive_handler
 .text.irq_add_shared_handler
                0x1000073c      0x1f4 CMakeFiles/blink.dir/Users/Joel/Pico/pico-sdk/src/rp2_common/hardware_irq/irq.c.obj
                0x1000073c                irq_add_shared_handler
 .text.irq_remove_handler
                0x10000930      0x1c4 CMakeFiles/blink.dir/Users/Joel/Pico/pico-sdk/src/rp2_common/hardware_irq/irq.c.obj
                0x10000930                irq_remove_handler
 .text.irq_set_priority
                0x10000af4       0x28 CMakeFiles/blink.dir/Users/Joel/Pico/pico-sdk/src/rp2_common/hardware_irq/irq.c.obj
                0x10000af4                irq_set_priority
 .text.irq_add_tail_to_free_list
                0x10000b1c       0xb4 CMakeFiles/blink.dir/Users/Joel/Pico/pico-sdk/src/rp2_common/hardware_irq/irq.c.obj
                0x10000b1c                irq_add_tail_to_free_list
 .text.irq_init_priorities
                0x10000bd0       0x24 CMakeFiles/blink.dir/Users/Joel/Pico/pico-sdk/src/rp2_common/hardware_irq/irq.c.obj
                0x10000bd0                irq_init_priorities
 .text.user_irq_unclaim
                0x10000bf4       0x14 CMakeFiles/blink.dir/Users/Joel/Pico/pico-sdk/src/rp2_common/hardware_irq/irq.c.obj
                0x10000bf4                user_irq_unclaim
 .text.user_irq_claim_unused
                0x10000c08       0x2c CMakeFiles/blink.dir/Users/Joel/Pico/pico-sdk/src/rp2_common/hardware_irq/irq.c.obj
                0x10000c08                user_irq_claim_unused
 .text.sem_init
                0x10000c34       0x20 CMakeFiles/blink.dir/Users/Joel/Pico/pico-sdk/src/common/pico_sync/sem.c.obj
                0x10000c34                sem_init
 .text.lock_init
                0x10000c54       0x10 CMakeFiles/blink.dir/Users/Joel/Pico/pico-sdk/src/common/pico_sync/lock_core.c.obj
                0x10000c54                lock_init
 .text.mutex_init
                0x10000c64       0x1c CMakeFiles/blink.dir/Users/Joel/Pico/pico-sdk/src/common/pico_sync/mutex.c.obj
                0x10000c64                mutex_init
 .text.recursive_mutex_init
                0x10000c80       0x1c CMakeFiles/blink.dir/Users/Joel/Pico/pico-sdk/src/common/pico_sync/mutex.c.obj
                0x10000c80                recursive_mutex_init
 .text.critical_section_init
                0x10000c9c       0x1c CMakeFiles/blink.dir/Users/Joel/Pico/pico-sdk/src/common/pico_sync/critical_section.c.obj
                0x10000c9c                critical_section_init
 .text.critical_section_init_with_lock_num
                0x10000cb8       0x14 CMakeFiles/blink.dir/Users/Joel/Pico/pico-sdk/src/common/pico_sync/critical_section.c.obj
                0x10000cb8                critical_section_init_with_lock_num
 .text.timer_pool_entry_comparator
                0x10000ccc       0x34 CMakeFiles/blink.dir/Users/Joel/Pico/pico-sdk/src/common/pico_time/time.c.obj
                0x10000ccc                timer_pool_entry_comparator
 .text.sleep_until_callback
                0x10000d00       0x30 CMakeFiles/blink.dir/Users/Joel/Pico/pico-sdk/src/common/pico_time/time.c.obj
 .text.add_alarm_under_lock.isra.0
                0x10000d30      0x100 CMakeFiles/blink.dir/Users/Joel/Pico/pico-sdk/src/common/pico_time/time.c.obj
 .text.alarm_pool_alarm_callback
                0x10000e30      0x1c0 CMakeFiles/blink.dir/Users/Joel/Pico/pico-sdk/src/common/pico_time/time.c.obj
 .text.alarm_pool_init_default
                0x10000ff0       0x6c CMakeFiles/blink.dir/Users/Joel/Pico/pico-sdk/src/common/pico_time/time.c.obj
                0x10000ff0                alarm_pool_init_default
 .text.alarm_pool_get_default
                0x1000105c        0x8 CMakeFiles/blink.dir/Users/Joel/Pico/pico-sdk/src/common/pico_time/time.c.obj
                0x1000105c                alarm_pool_get_default
 .text.alarm_pool_add_alarm_at
                0x10001064      0x17c CMakeFiles/blink.dir/Users/Joel/Pico/pico-sdk/src/common/pico_time/time.c.obj
                0x10001064                alarm_pool_add_alarm_at
 .text.alarm_pool_cancel_alarm
                0x100011e0       0x70 CMakeFiles/blink.dir/Users/Joel/Pico/pico-sdk/src/common/pico_time/time.c.obj
                0x100011e0                alarm_pool_cancel_alarm
 .text.alarm_pool_core_num
                0x10001250        0x4 CMakeFiles/blink.dir/Users/Joel/Pico/pico-sdk/src/common/pico_time/time.c.obj
                0x10001250                alarm_pool_core_num
 .text.sleep_until
                0x10001254       0xc4 CMakeFiles/blink.dir/Users/Joel/Pico/pico-sdk/src/common/pico_time/time.c.obj
                0x10001254                sleep_until
 .text.sleep_ms
                0x10001318       0x38 CMakeFiles/blink.dir/Users/Joel/Pico/pico-sdk/src/common/pico_time/time.c.obj
                0x10001318                sleep_ms
 .text.best_effort_wfe_or_timeout
                0x10001350       0xcc CMakeFiles/blink.dir/Users/Joel/Pico/pico-sdk/src/common/pico_time/time.c.obj
                0x10001350                best_effort_wfe_or_timeout
 .text.hardware_alarm_irq_handler
                0x1000141c       0xbc CMakeFiles/blink.dir/Users/Joel/Pico/pico-sdk/src/rp2_common/hardware_timer/timer.c.obj
 .text.hardware_alarm_claim
                0x100014d8       0x18 CMakeFiles/blink.dir/Users/Joel/Pico/pico-sdk/src/rp2_common/hardware_timer/timer.c.obj
                0x100014d8                hardware_alarm_claim
 .text.time_us_64
                0x100014f0       0x14 CMakeFiles/blink.dir/Users/Joel/Pico/pico-sdk/src/rp2_common/hardware_timer/timer.c.obj
                0x100014f0                time_us_64
 .text.busy_wait_us
                0x10001504       0x68 CMakeFiles/blink.dir/Users/Joel/Pico/pico-sdk/src/rp2_common/hardware_timer/timer.c.obj
                0x10001504                busy_wait_us
 .text.busy_wait_until
                0x1000156c       0x20 CMakeFiles/blink.dir/Users/Joel/Pico/pico-sdk/src/rp2_common/hardware_timer/timer.c.obj
                0x1000156c                busy_wait_until
 .text.hardware_alarm_set_callback
                0x1000158c       0x8c CMakeFiles/blink.dir/Users/Joel/Pico/pico-sdk/src/rp2_common/hardware_timer/timer.c.obj
                0x1000158c                hardware_alarm_set_callback
 .text.hardware_alarm_set_target
                0x10001618       0xd0 CMakeFiles/blink.dir/Users/Joel/Pico/pico-sdk/src/rp2_common/hardware_timer/timer.c.obj
                0x10001618                hardware_alarm_set_target
 .text.hardware_alarm_cancel
                0x100016e8       0x3c CMakeFiles/blink.dir/Users/Joel/Pico/pico-sdk/src/rp2_common/hardware_timer/timer.c.obj
                0x100016e8                hardware_alarm_cancel
 .text.ph_merge_nodes
                0x10001724       0x58 CMakeFiles/blink.dir/Users/Joel/Pico/pico-sdk/src/common/pico_util/pheap.c.obj
 .text.ph_post_alloc_init
                0x1000177c       0x3c CMakeFiles/blink.dir/Users/Joel/Pico/pico-sdk/src/common/pico_util/pheap.c.obj
                0x1000177c                ph_post_alloc_init
 .text.ph_merge_two_pass
                0x100017b8       0x8c CMakeFiles/blink.dir/Users/Joel/Pico/pico-sdk/src/common/pico_util/pheap.c.obj
                0x100017b8                ph_merge_two_pass
 .text.ph_remove_any_head
                0x10001844      0x100 CMakeFiles/blink.dir/Users/Joel/Pico/pico-sdk/src/common/pico_util/pheap.c.obj
 .text.ph_remove_head
                0x10001944      0x104 CMakeFiles/blink.dir/Users/Joel/Pico/pico-sdk/src/common/pico_util/pheap.c.obj
                0x10001944                ph_remove_head
 .text.ph_remove_and_free_node
                0x10001a48       0x78 CMakeFiles/blink.dir/Users/Joel/Pico/pico-sdk/src/common/pico_util/pheap.c.obj
                0x10001a48                ph_remove_and_free_node
 .text.uart_init
                0x10001ac0      0x18c CMakeFiles/blink.dir/Users/Joel/Pico/pico-sdk/src/rp2_common/hardware_uart/uart.c.obj
                0x10001ac0                uart_init
 .text.clocks_init
                0x10001c4c      0x2c8 CMakeFiles/blink.dir/Users/Joel/Pico/pico-sdk/src/rp2_common/hardware_clocks/clocks.c.obj
                0x10001c4c                clocks_init
 .text.clock_get_hz
                0x10001f14        0xc CMakeFiles/blink.dir/Users/Joel/Pico/pico-sdk/src/rp2_common/hardware_clocks/clocks.c.obj
                0x10001f14                clock_get_hz
 .text.pll_init
                0x10001f20       0xa4 CMakeFiles/blink.dir/Users/Joel/Pico/pico-sdk/src/rp2_common/hardware_pll/pll.c.obj
                0x10001f20                pll_init
 .text.watchdog_start_tick
                0x10001fc4       0x10 CMakeFiles/blink.dir/Users/Joel/Pico/pico-sdk/src/rp2_common/hardware_watchdog/watchdog.c.obj
                0x10001fc4                watchdog_start_tick
 .text.watchdog_reboot
                0x10001fd4       0x9c CMakeFiles/blink.dir/Users/Joel/Pico/pico-sdk/src/rp2_common/hardware_watchdog/watchdog.c.obj
                0x10001fd4                watchdog_reboot
 .text.xosc_init
                0x10002070       0x28 CMakeFiles/blink.dir/Users/Joel/Pico/pico-sdk/src/rp2_common/hardware_xosc/xosc.c.obj
                0x10002070                xosc_init
 .text.runtime_init
                0x10002098       0xf0 CMakeFiles/blink.dir/Users/Joel/Pico/pico-sdk/src/rp2_common/pico_runtime/runtime.c.obj
                0x10002098                runtime_init
 .text._exit    0x10002188        0x4 CMakeFiles/blink.dir/Users/Joel/Pico/pico-sdk/src/rp2_common/pico_runtime/runtime.c.obj
                0x10002188                _exit
 .text.exit     0x1000218c        0x8 CMakeFiles/blink.dir/Users/Joel/Pico/pico-sdk/src/rp2_common/pico_runtime/runtime.c.obj
                0x1000218c                exit
 .text.panic    0x10002194       0x30 CMakeFiles/blink.dir/Users/Joel/Pico/pico-sdk/src/rp2_common/pico_runtime/runtime.c.obj
                0x10002194                panic
 .text.hard_assertion_failure
                0x100021c4        0xc CMakeFiles/blink.dir/Users/Joel/Pico/pico-sdk/src/rp2_common/pico_runtime/runtime.c.obj
                0x100021c4                hard_assertion_failure
 .text._out_null
                0x100021d0        0x4 CMakeFiles/blink.dir/Users/Joel/Pico/pico-sdk/src/rp2_common/pico_printf/printf.c.obj
 .text._out_rev
                0x100021d4       0xac CMakeFiles/blink.dir/Users/Joel/Pico/pico-sdk/src/rp2_common/pico_printf/printf.c.obj
 .text._ntoa_format
                0x10002280      0x250 CMakeFiles/blink.dir/Users/Joel/Pico/pico-sdk/src/rp2_common/pico_printf/printf.c.obj
 .text._out_char
                0x100024d0       0x10 CMakeFiles/blink.dir/Users/Joel/Pico/pico-sdk/src/rp2_common/pico_printf/printf.c.obj
 .text._out_fct
                0x100024e0       0x10 CMakeFiles/blink.dir/Users/Joel/Pico/pico-sdk/src/rp2_common/pico_printf/printf.c.obj
 .text._etoa    0x100024f0      0x464 CMakeFiles/blink.dir/Users/Joel/Pico/pico-sdk/src/rp2_common/pico_printf/printf.c.obj
 .text._ftoa    0x10002954      0x3c0 CMakeFiles/blink.dir/Users/Joel/Pico/pico-sdk/src/rp2_common/pico_printf/printf.c.obj
 .text._vsnprintf
                0x10002d14      0xbc8 CMakeFiles/blink.dir/Users/Joel/Pico/pico-sdk/src/rp2_common/pico_printf/printf.c.obj
 .text.vfctprintf
                0x100038dc       0x20 CMakeFiles/blink.dir/Users/Joel/Pico/pico-sdk/src/rp2_common/pico_printf/printf.c.obj
                0x100038dc                vfctprintf
 .text.weak_raw_vprintf
                0x100038fc       0x30 CMakeFiles/blink.dir/Users/Joel/Pico/pico-sdk/src/rp2_common/pico_printf/printf.c.obj
                0x100038fc                weak_raw_vprintf
 .text          0x1000392c       0x10 CMakeFiles/blink.dir/Users/Joel/Pico/pico-sdk/src/rp2_common/pico_bit_ops/bit_ops_aeabi.S.obj
 .text.ctzsi    0x1000393c        0xc CMakeFiles/blink.dir/Users/Joel/Pico/pico-sdk/src/rp2_common/pico_bit_ops/bit_ops_aeabi.S.obj
                0x1000393c                __wrap___ctzsi2
 .text.rom_func_lookup
                0x10003948       0x10 CMakeFiles/blink.dir/Users/Joel/Pico/pico-sdk/src/rp2_common/pico_bootrom/bootrom.c.obj
                0x10003948                rom_func_lookup
 .text.rom_data_lookup
                0x10003958       0x10 CMakeFiles/blink.dir/Users/Joel/Pico/pico-sdk/src/rp2_common/pico_bootrom/bootrom.c.obj
                0x10003958                rom_data_lookup
 .text.rom_funcs_lookup
                0x10003968       0x44 CMakeFiles/blink.dir/Users/Joel/Pico/pico-sdk/src/rp2_common/pico_bootrom/bootrom.c.obj
                0x10003968                rom_funcs_lookup
 .text.__wrap___aeabi_idiv
                0x100039ac       0x50 CMakeFiles/blink.dir/Users/Joel/Pico/pico-sdk/src/rp2_common/pico_divider/divider.S.obj
                0x100039ac                __wrap___aeabi_idivmod
                0x100039ac                divmod_s32s32
                0x100039ac                div_s32s32
                0x100039ac                __wrap___aeabi_idiv
                0x100039b4                divmod_s32s32_unsafe
                0x100039e0                divmod_s32s32_savestate
 .text.__wrap___aeabi_uidiv
                0x100039fc       0x4c CMakeFiles/blink.dir/Users/Joel/Pico/pico-sdk/src/rp2_common/pico_divider/divider.S.obj
                0x100039fc                __wrap___aeabi_uidiv
                0x100039fc                __wrap___aeabi_uidivmod
                0x100039fc                div_u32u32
                0x100039fc                divmod_u32u32
                0x10003a04                divmod_u32u32_unsafe
                0x10003a2c                divmod_u32u32_savestate
 .text.__wrap___aeabi_ldiv
                0x10003a48      0x424 CMakeFiles/blink.dir/Users/Joel/Pico/pico-sdk/src/rp2_common/pico_divider/divider.S.obj
                0x10003a48                __wrap___aeabi_ldivmod
                0x10003a48                div_s64s64
                0x10003a48                divmod_s64s64
                0x10003a78                divmod_u64u64
                0x10003a78                div_u64u64
                0x10003a78                __wrap___aeabi_uldivmod
                0x10003a88                divmod_u64u64_savestate
                0x10003aa8                divmod_s64s64_unsafe
                0x10003b30                divmod_u64u64_unsafe
 .text.__wrap___aeabi_darithmetic
                0x10003e6c       0x60 CMakeFiles/blink.dir/Users/Joel/Pico/pico-sdk/src/rp2_common/pico_double/double_aeabi.S.obj
                0x10003e6c                __wrap___aeabi_drsub
                0x10003e72                __wrap___aeabi_dsub
                0x10003e7c                __wrap___aeabi_dadd
                0x10003e86                __wrap___aeabi_ddiv
                0x10003eba                __wrap___aeabi_dmul
 .text.__wrap___aeabi_cdcmple
                0x10003ecc       0x6c CMakeFiles/blink.dir/Users/Joel/Pico/pico-sdk/src/rp2_common/pico_double/double_aeabi.S.obj
                0x10003ecc                __wrap___aeabi_cdrcmple
                0x10003edc                __wrap___aeabi_cdcmple
                0x10003edc                __wrap___aeabi_cdcmpeq
 .text.__wrap___aeabi_dcmplt
                0x10003f38        0xc CMakeFiles/blink.dir/Users/Joel/Pico/pico-sdk/src/rp2_common/pico_double/double_aeabi.S.obj
                0x10003f38                __wrap___aeabi_dcmplt
 .text.__wrap___aeabi_dcmpge
                0x10003f44       0x10 CMakeFiles/blink.dir/Users/Joel/Pico/pico-sdk/src/rp2_common/pico_double/double_aeabi.S.obj
                0x10003f44                __wrap___aeabi_dcmpge
 .text.__wrap___aeabi_dcmpgt
                0x10003f54        0xa CMakeFiles/blink.dir/Users/Joel/Pico/pico-sdk/src/rp2_common/pico_double/double_aeabi.S.obj
                0x10003f54                __wrap___aeabi_dcmpgt
 .text.__wrap___aeabi_dcmpun
                0x10003f5e       0x1c CMakeFiles/blink.dir/Users/Joel/Pico/pico-sdk/src/rp2_common/pico_double/double_aeabi.S.obj
                0x10003f5e                __wrap___aeabi_dcmpun
 *fill*         0x10003f7a        0x2 
 .text.__wrap___aeabi_i2d
                0x10003f7c       0x38 CMakeFiles/blink.dir/Users/Joel/Pico/pico-sdk/src/rp2_common/pico_double/double_aeabi.S.obj
                0x10003f7c                __wrap___aeabi_ui2d
                0x10003f84                __wrap___aeabi_i2d
 .text.__wrap___aeabi_d2iz
                0x10003fb4       0x48 CMakeFiles/blink.dir/Users/Joel/Pico/pico-sdk/src/rp2_common/pico_double/double_aeabi.S.obj
                0x10003fb4                __wrap___aeabi_d2iz
                0x10003fb4                double2int_z
 .text.__wrap___aeabi_d2uiz
                0x10003ffc       0x10 CMakeFiles/blink.dir/Users/Joel/Pico/pico-sdk/src/rp2_common/pico_double/double_aeabi.S.obj
                0x10003ffc                double2uint
                0x10003ffc                __wrap___aeabi_d2uiz
 .text.missing_double_func_shim
                0x1000400c        0xc CMakeFiles/blink.dir/Users/Joel/Pico/pico-sdk/src/rp2_common/pico_double/double_init_rom.c.obj
 .text.__aeabi_double_init
                0x10004018       0x94 CMakeFiles/blink.dir/Users/Joel/Pico/pico-sdk/src/rp2_common/pico_double/double_init_rom.c.obj
                0x10004018                __aeabi_double_init
 .text.double_table_shim_on_use_helper
                0x100040ac       0x2c CMakeFiles/blink.dir/Users/Joel/Pico/pico-sdk/src/rp2_common/pico_double/double_v1_rom_shim.S.obj
                0x100040ac                double_table_shim_on_use_helper
 .text.__aeabi_lmul
                0x100040d8       0x32 CMakeFiles/blink.dir/Users/Joel/Pico/pico-sdk/src/rp2_common/pico_int64_ops/pico_int64_ops_aeabi.S.obj
                0x100040d8                __wrap___aeabi_lmul
 *fill*         0x1000410a        0x2 
 .text.missing_float_func_shim
                0x1000410c        0xc CMakeFiles/blink.dir/Users/Joel/Pico/pico-sdk/src/rp2_common/pico_float/float_init_rom.c.obj
 .text.__aeabi_float_init
                0x10004118       0x5c CMakeFiles/blink.dir/Users/Joel/Pico/pico-sdk/src/rp2_common/pico_float/float_init_rom.c.obj
                0x10004118                __aeabi_float_init
 .text          0x10004174       0x10 CMakeFiles/blink.dir/Users/Joel/Pico/pico-sdk/src/rp2_common/pico_mem_ops/mem_ops_aeabi.S.obj
                0x10004174                __aeabi_mem_init
 .text.memset   0x10004184        0xc CMakeFiles/blink.dir/Users/Joel/Pico/pico-sdk/src/rp2_common/pico_mem_ops/mem_ops_aeabi.S.obj
                0x10004184                __wrap_memset
 .text.memcpy   0x10004190        0xc CMakeFiles/blink.dir/Users/Joel/Pico/pico-sdk/src/rp2_common/pico_mem_ops/mem_ops_aeabi.S.obj
                0x10004190                __wrap___aeabi_memcpy
                0x10004190                __wrap_memcpy
 .text.stdio_out_chars_crlf
                0x1000419c       0x94 CMakeFiles/blink.dir/Users/Joel/Pico/pico-sdk/src/rp2_common/pico_stdio/stdio.c.obj
 .text.stdio_buffered_printer
                0x10004230       0x64 CMakeFiles/blink.dir/Users/Joel/Pico/pico-sdk/src/rp2_common/pico_stdio/stdio.c.obj
 .text.__wrap_putchar
                0x10004294       0x98 CMakeFiles/blink.dir/Users/Joel/Pico/pico-sdk/src/rp2_common/pico_stdio/stdio.c.obj
                0x10004294                __wrap_putchar
 .text.__wrap_puts
                0x1000432c       0xe0 CMakeFiles/blink.dir/Users/Joel/Pico/pico-sdk/src/rp2_common/pico_stdio/stdio.c.obj
                0x1000432c                __wrap_puts
 .text.stdio_set_driver_enabled
                0x1000440c       0x30 CMakeFiles/blink.dir/Users/Joel/Pico/pico-sdk/src/rp2_common/pico_stdio/stdio.c.obj
                0x1000440c                stdio_set_driver_enabled
 .text.__wrap_vprintf
                0x1000443c       0xd4 CMakeFiles/blink.dir/Users/Joel/Pico/pico-sdk/src/rp2_common/pico_stdio/stdio.c.obj
                0x1000443c                __wrap_vprintf
 .text.__wrap_printf
                0x10004510       0x18 CMakeFiles/blink.dir/Users/Joel/Pico/pico-sdk/src/rp2_common/pico_stdio/stdio.c.obj
                0x10004510                __wrap_printf
 .text.stdio_init_all
                0x10004528       0x10 CMakeFiles/blink.dir/Users/Joel/Pico/pico-sdk/src/rp2_common/pico_stdio/stdio.c.obj
                0x10004528                stdio_init_all
 .text.stdio_uart_out_chars
                0x10004538       0x4c CMakeFiles/blink.dir/Users/Joel/Pico/pico-sdk/src/rp2_common/pico_stdio_uart/stdio_uart.c.obj
 .text.stdio_uart_in_chars
                0x10004584       0x90 CMakeFiles/blink.dir/Users/Joel/Pico/pico-sdk/src/rp2_common/pico_stdio_uart/stdio_uart.c.obj
                0x10004584                stdio_uart_in_chars
 .text.on_uart_rx
                0x10004614       0x28 CMakeFiles/blink.dir/Users/Joel/Pico/pico-sdk/src/rp2_common/pico_stdio_uart/stdio_uart.c.obj
 .text.stdio_uart_set_chars_available_callback
                0x1000463c       0x8c CMakeFiles/blink.dir/Users/Joel/Pico/pico-sdk/src/rp2_common/pico_stdio_uart/stdio_uart.c.obj
 .text.stdio_uart_init
                0x100046c8       0x48 CMakeFiles/blink.dir/Users/Joel/Pico/pico-sdk/src/rp2_common/pico_stdio_uart/stdio_uart.c.obj
                0x100046c8                stdio_uart_init
 .text.resetd_init
                0x10004710        0x4 CMakeFiles/blink.dir/Users/Joel/Pico/pico-sdk/src/rp2_common/pico_stdio_usb/reset_interface.c.obj
 .text.resetd_reset
                0x10004714        0xc CMakeFiles/blink.dir/Users/Joel/Pico/pico-sdk/src/rp2_common/pico_stdio_usb/reset_interface.c.obj
 .text.resetd_open
                0x10004720       0x28 CMakeFiles/blink.dir/Users/Joel/Pico/pico-sdk/src/rp2_common/pico_stdio_usb/reset_interface.c.obj
 .text.resetd_xfer_cb
                0x10004748        0x4 CMakeFiles/blink.dir/Users/Joel/Pico/pico-sdk/src/rp2_common/pico_stdio_usb/reset_interface.c.obj
 .text.resetd_control_xfer_cb
                0x1000474c       0x60 CMakeFiles/blink.dir/Users/Joel/Pico/pico-sdk/src/rp2_common/pico_stdio_usb/reset_interface.c.obj
 .text.usbd_app_driver_get_cb
                0x100047ac        0xc CMakeFiles/blink.dir/Users/Joel/Pico/pico-sdk/src/rp2_common/pico_stdio_usb/reset_interface.c.obj
                0x100047ac                usbd_app_driver_get_cb
 .text.tud_cdc_line_coding_cb
                0x100047b8       0x34 CMakeFiles/blink.dir/Users/Joel/Pico/pico-sdk/src/rp2_common/pico_stdio_usb/reset_interface.c.obj
                0x100047b8                tud_cdc_line_coding_cb
 .text.stdio_usb_set_chars_available_callback
                0x100047ec       0x14 CMakeFiles/blink.dir/Users/Joel/Pico/pico-sdk/src/rp2_common/pico_stdio_usb/stdio_usb.c.obj
                0x100047ec                stdio_usb_set_chars_available_callback
 .text.usb_irq  0x10004800       0x10 CMakeFiles/blink.dir/Users/Joel/Pico/pico-sdk/src/rp2_common/pico_stdio_usb/stdio_usb.c.obj
 .text.timer_task
                0x10004810       0x54 CMakeFiles/blink.dir/Users/Joel/Pico/pico-sdk/src/rp2_common/pico_stdio_usb/stdio_usb.c.obj
 .text.stdio_usb_in_chars
                0x10004864       0x90 CMakeFiles/blink.dir/Users/Joel/Pico/pico-sdk/src/rp2_common/pico_stdio_usb/stdio_usb.c.obj
                0x10004864                stdio_usb_in_chars
 .text.stdio_usb_out_chars
                0x100048f4      0x104 CMakeFiles/blink.dir/Users/Joel/Pico/pico-sdk/src/rp2_common/pico_stdio_usb/stdio_usb.c.obj
 .text.low_priority_worker_irq
                0x100049f8       0xa8 CMakeFiles/blink.dir/Users/Joel/Pico/pico-sdk/src/rp2_common/pico_stdio_usb/stdio_usb.c.obj
 .text.tud_cdc_rx_cb
                0x10004aa0       0x20 CMakeFiles/blink.dir/Users/Joel/Pico/pico-sdk/src/rp2_common/pico_stdio_usb/stdio_usb.c.obj
                0x10004aa0                tud_cdc_rx_cb
 .text.stdio_usb_init
                0x10004ac0       0xe0 CMakeFiles/blink.dir/Users/Joel/Pico/pico-sdk/src/rp2_common/pico_stdio_usb/stdio_usb.c.obj
                0x10004ac0                stdio_usb_init
 .text.tud_descriptor_device_cb
                0x10004ba0        0x8 CMakeFiles/blink.dir/Users/Joel/Pico/pico-sdk/src/rp2_common/pico_stdio_usb/stdio_usb_descriptors.c.obj
                0x10004ba0                tud_descriptor_device_cb
 .text.tud_descriptor_configuration_cb
                0x10004ba8        0x8 CMakeFiles/blink.dir/Users/Joel/Pico/pico-sdk/src/rp2_common/pico_stdio_usb/stdio_usb_descriptors.c.obj
                0x10004ba8                tud_descriptor_configuration_cb
 .text.tud_descriptor_string_cb
                0x10004bb0       0x78 CMakeFiles/blink.dir/Users/Joel/Pico/pico-sdk/src/rp2_common/pico_stdio_usb/stdio_usb_descriptors.c.obj
                0x10004bb0                tud_descriptor_string_cb
 .text.startup._retrieve_unique_id_on_boot
                0x10004c28       0x10 CMakeFiles/blink.dir/Users/Joel/Pico/pico-sdk/src/rp2_common/pico_unique_id/unique_id.c.obj
 .text.pico_get_unique_board_id
                0x10004c38       0x10 CMakeFiles/blink.dir/Users/Joel/Pico/pico-sdk/src/rp2_common/pico_unique_id/unique_id.c.obj
                0x10004c38                pico_get_unique_board_id
 .text.pico_get_unique_board_id_string
                0x10004c48      0x1a8 CMakeFiles/blink.dir/Users/Joel/Pico/pico-sdk/src/rp2_common/pico_unique_id/unique_id.c.obj
                0x10004c48                pico_get_unique_board_id_string
 .text.flash_get_unique_id
                0x10004df0       0x3c CMakeFiles/blink.dir/Users/Joel/Pico/pico-sdk/src/rp2_common/hardware_flash/flash.c.obj
                0x10004df0                flash_get_unique_id
 .text.dcd_int_enable
                0x10004e2c        0xc CMakeFiles/blink.dir/Users/Joel/Pico/pico-sdk/lib/tinyusb/src/portable/raspberrypi/rp2040/dcd_rp2040.c.obj
                0x10004e2c                dcd_int_enable
 .text.dcd_set_address
                0x10004e38       0x14 CMakeFiles/blink.dir/Users/Joel/Pico/pico-sdk/lib/tinyusb/src/portable/raspberrypi/rp2040/dcd_rp2040.c.obj
                0x10004e38                dcd_set_address
 .text.dcd_connect
                0x10004e4c       0x10 CMakeFiles/blink.dir/Users/Joel/Pico/pico-sdk/lib/tinyusb/src/portable/raspberrypi/rp2040/dcd_rp2040.c.obj
                0x10004e4c                dcd_connect
 .text.dcd_init
                0x10004e5c       0x98 CMakeFiles/blink.dir/Users/Joel/Pico/pico-sdk/lib/tinyusb/src/portable/raspberrypi/rp2040/dcd_rp2040.c.obj
                0x10004e5c                dcd_init
 .text.dcd_edpt0_status_complete
                0x10004ef4       0x1c CMakeFiles/blink.dir/Users/Joel/Pico/pico-sdk/lib/tinyusb/src/portable/raspberrypi/rp2040/dcd_rp2040.c.obj
                0x10004ef4                dcd_edpt0_status_complete
 .text.dcd_edpt_open
                0x10004f10      0x108 CMakeFiles/blink.dir/Users/Joel/Pico/pico-sdk/lib/tinyusb/src/portable/raspberrypi/rp2040/dcd_rp2040.c.obj
                0x10004f10                dcd_edpt_open
 .text.dcd_edpt_close_all
                0x10005018        0x8 CMakeFiles/blink.dir/Users/Joel/Pico/pico-sdk/lib/tinyusb/src/portable/raspberrypi/rp2040/dcd_rp2040.c.obj
                0x10005018                dcd_edpt_close_all
 .text.dcd_edpt_xfer
                0x10005020       0x24 CMakeFiles/blink.dir/Users/Joel/Pico/pico-sdk/lib/tinyusb/src/portable/raspberrypi/rp2040/dcd_rp2040.c.obj
                0x10005020                dcd_edpt_xfer
 .text.dcd_edpt_stall
                0x10005044       0x34 CMakeFiles/blink.dir/Users/Joel/Pico/pico-sdk/lib/tinyusb/src/portable/raspberrypi/rp2040/dcd_rp2040.c.obj
                0x10005044                dcd_edpt_stall
 .text.dcd_edpt_clear_stall
                0x10005078       0x30 CMakeFiles/blink.dir/Users/Joel/Pico/pico-sdk/lib/tinyusb/src/portable/raspberrypi/rp2040/dcd_rp2040.c.obj
                0x10005078                dcd_edpt_clear_stall
 .text.rp2040_usb_init
                0x100050a8       0x4c CMakeFiles/blink.dir/Users/Joel/Pico/pico-sdk/lib/tinyusb/src/portable/raspberrypi/rp2040/rp2040_usb.c.obj
                0x100050a8                rp2040_usb_init
 .text.hw_endpoint_xfer_start
                0x100050f4       0x40 CMakeFiles/blink.dir/Users/Joel/Pico/pico-sdk/lib/tinyusb/src/portable/raspberrypi/rp2040/rp2040_usb.c.obj
                0x100050f4                hw_endpoint_xfer_start
 .text.tud_mounted
                0x10005134       0x10 CMakeFiles/blink.dir/Users/Joel/Pico/pico-sdk/lib/tinyusb/src/device/usbd.c.obj
                0x10005134                tud_mounted
 .text.tud_suspended
                0x10005144       0x10 CMakeFiles/blink.dir/Users/Joel/Pico/pico-sdk/lib/tinyusb/src/device/usbd.c.obj
                0x10005144                tud_suspended
 .text.tud_inited
                0x10005154       0x14 CMakeFiles/blink.dir/Users/Joel/Pico/pico-sdk/lib/tinyusb/src/device/usbd.c.obj
                0x10005154                tud_inited
 .text.tud_init
                0x10005168       0xdc CMakeFiles/blink.dir/Users/Joel/Pico/pico-sdk/lib/tinyusb/src/device/usbd.c.obj
                0x10005168                tud_init
 .text.tud_task_ext
                0x10005244      0x850 CMakeFiles/blink.dir/Users/Joel/Pico/pico-sdk/lib/tinyusb/src/device/usbd.c.obj
                0x10005244                tud_task_ext
 .text.usbd_open_edpt_pair
                0x10005a94       0x9c CMakeFiles/blink.dir/Users/Joel/Pico/pico-sdk/lib/tinyusb/src/device/usbd.c.obj
                0x10005a94                usbd_open_edpt_pair
 .text.usbd_defer_func
                0x10005b30       0x48 CMakeFiles/blink.dir/Users/Joel/Pico/pico-sdk/lib/tinyusb/src/device/usbd.c.obj
                0x10005b30                usbd_defer_func
 .text.usbd_edpt_open
                0x10005b78       0x34 CMakeFiles/blink.dir/Users/Joel/Pico/pico-sdk/lib/tinyusb/src/device/usbd.c.obj
                0x10005b78                usbd_edpt_open
 .text.usbd_edpt_claim
                0x10005bac       0x28 CMakeFiles/blink.dir/Users/Joel/Pico/pico-sdk/lib/tinyusb/src/device/usbd.c.obj
                0x10005bac                usbd_edpt_claim
 .text.usbd_edpt_release
                0x10005bd4       0x28 CMakeFiles/blink.dir/Users/Joel/Pico/pico-sdk/lib/tinyusb/src/device/usbd.c.obj
                0x10005bd4                usbd_edpt_release
 .text.usbd_edpt_xfer
                0x10005bfc       0x4c CMakeFiles/blink.dir/Users/Joel/Pico/pico-sdk/lib/tinyusb/src/device/usbd.c.obj
                0x10005bfc                usbd_edpt_xfer
 .text.tud_control_status
                0x10005c48       0x2c CMakeFiles/blink.dir/Users/Joel/Pico/pico-sdk/lib/tinyusb/src/device/usbd_control.c.obj
                0x10005c48                tud_control_status
 .text.tud_control_xfer
                0x10005c74       0xac CMakeFiles/blink.dir/Users/Joel/Pico/pico-sdk/lib/tinyusb/src/device/usbd_control.c.obj
                0x10005c74                tud_control_xfer
 .text.usbd_control_reset
                0x10005d20       0x14 CMakeFiles/blink.dir/Users/Joel/Pico/pico-sdk/lib/tinyusb/src/device/usbd_control.c.obj
                0x10005d20                usbd_control_reset
 .text.usbd_control_set_complete_callback
                0x10005d34        0xc CMakeFiles/blink.dir/Users/Joel/Pico/pico-sdk/lib/tinyusb/src/device/usbd_control.c.obj
                0x10005d34                usbd_control_set_complete_callback
 .text.usbd_control_set_request
                0x10005d40       0x1c CMakeFiles/blink.dir/Users/Joel/Pico/pico-sdk/lib/tinyusb/src/device/usbd_control.c.obj
                0x10005d40                usbd_control_set_request
 .text.usbd_control_xfer_cb
                0x10005d5c       0xf4 CMakeFiles/blink.dir/Users/Joel/Pico/pico-sdk/lib/tinyusb/src/device/usbd_control.c.obj
                0x10005d5c                usbd_control_xfer_cb
 .text.tud_cdc_n_connected
                0x10005e50       0x30 CMakeFiles/blink.dir/Users/Joel/Pico/pico-sdk/lib/tinyusb/src/class/cdc/cdc_device.c.obj
                0x10005e50                tud_cdc_n_connected
 .text.tud_cdc_n_available
                0x10005e80       0x18 CMakeFiles/blink.dir/Users/Joel/Pico/pico-sdk/lib/tinyusb/src/class/cdc/cdc_device.c.obj
                0x10005e80                tud_cdc_n_available
 .text.tud_cdc_n_read
                0x10005e98       0x70 CMakeFiles/blink.dir/Users/Joel/Pico/pico-sdk/lib/tinyusb/src/class/cdc/cdc_device.c.obj
                0x10005e98                tud_cdc_n_read
 .text.tud_cdc_n_write_flush
                0x10005f08       0x78 CMakeFiles/blink.dir/Users/Joel/Pico/pico-sdk/lib/tinyusb/src/class/cdc/cdc_device.c.obj
                0x10005f08                tud_cdc_n_write_flush
 .text.tud_cdc_n_write
                0x10005f80       0x34 CMakeFiles/blink.dir/Users/Joel/Pico/pico-sdk/lib/tinyusb/src/class/cdc/cdc_device.c.obj
                0x10005f80                tud_cdc_n_write
 .text.tud_cdc_n_write_available
                0x10005fb4       0x18 CMakeFiles/blink.dir/Users/Joel/Pico/pico-sdk/lib/tinyusb/src/class/cdc/cdc_device.c.obj
                0x10005fb4                tud_cdc_n_write_available
 .text.cdcd_init
                0x10005fcc       0x7c CMakeFiles/blink.dir/Users/Joel/Pico/pico-sdk/lib/tinyusb/src/class/cdc/cdc_device.c.obj
                0x10005fcc                cdcd_init
 .text.cdcd_reset
                0x10006048       0x2c CMakeFiles/blink.dir/Users/Joel/Pico/pico-sdk/lib/tinyusb/src/class/cdc/cdc_device.c.obj
                0x10006048                cdcd_reset
 .text.cdcd_open
                0x10006074       0xe4 CMakeFiles/blink.dir/Users/Joel/Pico/pico-sdk/lib/tinyusb/src/class/cdc/cdc_device.c.obj
                0x10006074                cdcd_open
 .text.cdcd_control_xfer_cb
                0x10006158       0xe4 CMakeFiles/blink.dir/Users/Joel/Pico/pico-sdk/lib/tinyusb/src/class/cdc/cdc_device.c.obj
                0x10006158                cdcd_control_xfer_cb
 .text.cdcd_xfer_cb
                0x1000623c      0x13c CMakeFiles/blink.dir/Users/Joel/Pico/pico-sdk/lib/tinyusb/src/class/cdc/cdc_device.c.obj
                0x1000623c                cdcd_xfer_cb
 .text.tusb_init
                0x10006378        0xc CMakeFiles/blink.dir/Users/Joel/Pico/pico-sdk/lib/tinyusb/src/tusb.c.obj
                0x10006378                tusb_init
 .text.tusb_inited
                0x10006384        0x8 CMakeFiles/blink.dir/Users/Joel/Pico/pico-sdk/lib/tinyusb/src/tusb.c.obj
                0x10006384                tusb_inited
 .text.tu_edpt_claim
                0x1000638c       0x50 CMakeFiles/blink.dir/Users/Joel/Pico/pico-sdk/lib/tinyusb/src/tusb.c.obj
                0x1000638c                tu_edpt_claim
 .text.tu_edpt_release
                0x100063dc       0x38 CMakeFiles/blink.dir/Users/Joel/Pico/pico-sdk/lib/tinyusb/src/tusb.c.obj
                0x100063dc                tu_edpt_release
 .text.tu_edpt_validate
                0x10006414       0x7c CMakeFiles/blink.dir/Users/Joel/Pico/pico-sdk/lib/tinyusb/src/tusb.c.obj
                0x10006414                tu_edpt_validate
 .text.tu_edpt_bind_driver
                0x10006490       0x34 CMakeFiles/blink.dir/Users/Joel/Pico/pico-sdk/lib/tinyusb/src/tusb.c.obj
                0x10006490                tu_edpt_bind_driver
 .text.tu_fifo_config
                0x100064c4       0x6c CMakeFiles/blink.dir/Users/Joel/Pico/pico-sdk/lib/tinyusb/src/common/tusb_fifo.c.obj
                0x100064c4                tu_fifo_config
 .text.tu_fifo_count
                0x10006530       0x2c CMakeFiles/blink.dir/Users/Joel/Pico/pico-sdk/lib/tinyusb/src/common/tusb_fifo.c.obj
                0x10006530                tu_fifo_count
 .text.tu_fifo_empty
                0x1000655c       0x10 CMakeFiles/blink.dir/Users/Joel/Pico/pico-sdk/lib/tinyusb/src/common/tusb_fifo.c.obj
                0x1000655c                tu_fifo_empty
 .text.tu_fifo_remaining
                0x1000656c       0x2c CMakeFiles/blink.dir/Users/Joel/Pico/pico-sdk/lib/tinyusb/src/common/tusb_fifo.c.obj
                0x1000656c                tu_fifo_remaining
 .text.tu_fifo_read
                0x10006598       0x9c CMakeFiles/blink.dir/Users/Joel/Pico/pico-sdk/lib/tinyusb/src/common/tusb_fifo.c.obj
                0x10006598                tu_fifo_read
 .text.tu_fifo_read_n
                0x10006634       0xe8 CMakeFiles/blink.dir/Users/Joel/Pico/pico-sdk/lib/tinyusb/src/common/tusb_fifo.c.obj
                0x10006634                tu_fifo_read_n
 .text.tu_fifo_write
                0x1000671c       0xa8 CMakeFiles/blink.dir/Users/Joel/Pico/pico-sdk/lib/tinyusb/src/common/tusb_fifo.c.obj
                0x1000671c                tu_fifo_write
 .text.tu_fifo_write_n
                0x100067c4      0x178 CMakeFiles/blink.dir/Users/Joel/Pico/pico-sdk/lib/tinyusb/src/common/tusb_fifo.c.obj
                0x100067c4                tu_fifo_write_n
 .text.tu_fifo_clear
                0x1000693c       0x40 CMakeFiles/blink.dir/Users/Joel/Pico/pico-sdk/lib/tinyusb/src/common/tusb_fifo.c.obj
                0x1000693c                tu_fifo_clear
 .text.tu_fifo_set_overwritable
                0x1000697c       0x48 CMakeFiles/blink.dir/Users/Joel/Pico/pico-sdk/lib/tinyusb/src/common/tusb_fifo.c.obj
                0x1000697c                tu_fifo_set_overwritable
 .text.cyw43_arch_set_async_context
                0x100069c4        0xc CMakeFiles/blink.dir/Users/Joel/Pico/pico-sdk/src/rp2_common/pico_cyw43_arch/cyw43_arch.c.obj
                0x100069c4                cyw43_arch_set_async_context
 .text.cyw43_arch_gpio_put
                0x100069d0       0x14 CMakeFiles/blink.dir/Users/Joel/Pico/pico-sdk/src/rp2_common/pico_cyw43_arch/cyw43_arch.c.obj
                0x100069d0                cyw43_arch_gpio_put
 .text.cyw43_arch_async_context
                0x100069e4        0xc CMakeFiles/blink.dir/Users/Joel/Pico/pico-sdk/src/rp2_common/pico_cyw43_arch/cyw43_arch.c.obj
                0x100069e4                cyw43_arch_async_context
 .text.cyw43_arch_init
                0x100069f0       0x64 CMakeFiles/blink.dir/Users/Joel/Pico/pico-sdk/src/rp2_common/pico_cyw43_arch/cyw43_arch_threadsafe_background.c.obj
                0x100069f0                cyw43_arch_init
 .text.ns_delay.constprop.0
                0x10006a54       0x20 CMakeFiles/blink.dir/Users/Joel/Pico/pico-sdk/src/rp2_common/pico_cyw43_driver/cyw43_bus_pio_spi.c.obj
 .text.cyw43_spi_deinit
                0x10006a74       0x7c CMakeFiles/blink.dir/Users/Joel/Pico/pico-sdk/src/rp2_common/pico_cyw43_driver/cyw43_bus_pio_spi.c.obj
                0x10006a74                cyw43_spi_deinit
 .text.cyw43_spi_init
                0x10006af0      0x14c CMakeFiles/blink.dir/Users/Joel/Pico/pico-sdk/src/rp2_common/pico_cyw43_driver/cyw43_bus_pio_spi.c.obj
                0x10006af0                cyw43_spi_init
 .text.cyw43_spi_transfer
                0x10006c3c      0x3e0 CMakeFiles/blink.dir/Users/Joel/Pico/pico-sdk/src/rp2_common/pico_cyw43_driver/cyw43_bus_pio_spi.c.obj
                0x10006c3c                cyw43_spi_transfer
 .text.cyw43_spi_gpio_setup
                0x1000701c       0x3c CMakeFiles/blink.dir/Users/Joel/Pico/pico-sdk/src/rp2_common/pico_cyw43_driver/cyw43_bus_pio_spi.c.obj
                0x1000701c                cyw43_spi_gpio_setup
 .text.cyw43_spi_reset
                0x10007058       0x28 CMakeFiles/blink.dir/Users/Joel/Pico/pico-sdk/src/rp2_common/pico_cyw43_driver/cyw43_bus_pio_spi.c.obj
                0x10007058                cyw43_spi_reset
 .text.read_reg_u32_swap
                0x10007080       0x3c CMakeFiles/blink.dir/Users/Joel/Pico/pico-sdk/src/rp2_common/pico_cyw43_driver/cyw43_bus_pio_spi.c.obj
                0x10007080                read_reg_u32_swap
 .text.cyw43_read_reg_u32
                0x100070bc       0x50 CMakeFiles/blink.dir/Users/Joel/Pico/pico-sdk/src/rp2_common/pico_cyw43_driver/cyw43_bus_pio_spi.c.obj
                0x100070bc                cyw43_read_reg_u32
 .text.cyw43_read_reg_u16
                0x1000710c       0x50 CMakeFiles/blink.dir/Users/Joel/Pico/pico-sdk/src/rp2_common/pico_cyw43_driver/cyw43_bus_pio_spi.c.obj
                0x1000710c                cyw43_read_reg_u16
 .text.cyw43_read_reg_u8
                0x1000715c       0x50 CMakeFiles/blink.dir/Users/Joel/Pico/pico-sdk/src/rp2_common/pico_cyw43_driver/cyw43_bus_pio_spi.c.obj
                0x1000715c                cyw43_read_reg_u8
 .text.write_reg_u32_swap
                0x100071ac      0x1e8 CMakeFiles/blink.dir/Users/Joel/Pico/pico-sdk/src/rp2_common/pico_cyw43_driver/cyw43_bus_pio_spi.c.obj
                0x100071ac                write_reg_u32_swap
 .text.cyw43_write_reg_u32
                0x10007394      0x208 CMakeFiles/blink.dir/Users/Joel/Pico/pico-sdk/src/rp2_common/pico_cyw43_driver/cyw43_bus_pio_spi.c.obj
                0x10007394                cyw43_write_reg_u32
 .text.cyw43_write_reg_u16
                0x1000759c      0x208 CMakeFiles/blink.dir/Users/Joel/Pico/pico-sdk/src/rp2_common/pico_cyw43_driver/cyw43_bus_pio_spi.c.obj
                0x1000759c                cyw43_write_reg_u16
 .text.cyw43_write_reg_u8
                0x100077a4      0x208 CMakeFiles/blink.dir/Users/Joel/Pico/pico-sdk/src/rp2_common/pico_cyw43_driver/cyw43_bus_pio_spi.c.obj
                0x100077a4                cyw43_write_reg_u8
 .text.cyw43_read_bytes
                0x100079ac       0x78 CMakeFiles/blink.dir/Users/Joel/Pico/pico-sdk/src/rp2_common/pico_cyw43_driver/cyw43_bus_pio_spi.c.obj
                0x100079ac                cyw43_read_bytes
 .text.cyw43_write_bytes
                0x10007a24       0xc0 CMakeFiles/blink.dir/Users/Joel/Pico/pico-sdk/src/rp2_common/pico_cyw43_driver/cyw43_bus_pio_spi.c.obj
                0x10007a24                cyw43_write_bytes
 .text.cyw43_set_backplane_window
                0x10007ae4       0x68 CMakeFiles/blink.dir/Users/Joel/Pico/pico-sdk/lib/cyw43-driver/src/cyw43_ll.c.obj
 .text.cyw43_ll_parse_async_event
                0x10007b4c      0x134 CMakeFiles/blink.dir/Users/Joel/Pico/pico-sdk/lib/cyw43-driver/src/cyw43_ll.c.obj
 .text.cyw43_kso_set
                0x10007c80       0x80 CMakeFiles/blink.dir/Users/Joel/Pico/pico-sdk/lib/cyw43-driver/src/cyw43_ll.c.obj
 .text.cyw43_ll_sdpcm_poll_device
                0x10007d00      0x238 CMakeFiles/blink.dir/Users/Joel/Pico/pico-sdk/lib/cyw43-driver/src/cyw43_ll.c.obj
 .text.cyw43_sdpcm_send_common
                0x10007f38       0xf4 CMakeFiles/blink.dir/Users/Joel/Pico/pico-sdk/lib/cyw43-driver/src/cyw43_ll.c.obj
 .text.cyw43_do_ioctl
                0x1000802c      0x110 CMakeFiles/blink.dir/Users/Joel/Pico/pico-sdk/lib/cyw43-driver/src/cyw43_ll.c.obj
 .text.cyw43_do_ioctl.constprop.0
                0x1000813c      0x108 CMakeFiles/blink.dir/Users/Joel/Pico/pico-sdk/lib/cyw43-driver/src/cyw43_ll.c.obj
 .text.cyw43_read_backplane.constprop.0
                0x10008244       0xe4 CMakeFiles/blink.dir/Users/Joel/Pico/pico-sdk/lib/cyw43-driver/src/cyw43_ll.c.obj
 .text.reset_device_core.constprop.0
                0x10008328      0x410 CMakeFiles/blink.dir/Users/Joel/Pico/pico-sdk/lib/cyw43-driver/src/cyw43_ll.c.obj
 .text.cyw43_ll_init
                0x10008738       0x1c CMakeFiles/blink.dir/Users/Joel/Pico/pico-sdk/lib/cyw43-driver/src/cyw43_ll.c.obj
                0x10008738                cyw43_ll_init
 .text.cyw43_ll_deinit
                0x10008754        0x8 CMakeFiles/blink.dir/Users/Joel/Pico/pico-sdk/lib/cyw43-driver/src/cyw43_ll.c.obj
                0x10008754                cyw43_ll_deinit
 .text.cyw43_ll_process_packets
                0x1000875c       0x54 CMakeFiles/blink.dir/Users/Joel/Pico/pico-sdk/lib/cyw43-driver/src/cyw43_ll.c.obj
                0x1000875c                cyw43_ll_process_packets
 .text.cyw43_ll_ioctl
                0x100087b0       0x20 CMakeFiles/blink.dir/Users/Joel/Pico/pico-sdk/lib/cyw43-driver/src/cyw43_ll.c.obj
                0x100087b0                cyw43_ll_ioctl
 .text.cyw43_ll_bus_sleep
                0x100087d0       0x34 CMakeFiles/blink.dir/Users/Joel/Pico/pico-sdk/lib/cyw43-driver/src/cyw43_ll.c.obj
                0x100087d0                cyw43_ll_bus_sleep
 .text.cyw43_ll_bus_init
                0x10008804      0xb6c CMakeFiles/blink.dir/Users/Joel/Pico/pico-sdk/lib/cyw43-driver/src/cyw43_ll.c.obj
                0x10008804                cyw43_ll_bus_init
 .text.cyw43_ll_wifi_get_mac
                0x10009370       0x40 CMakeFiles/blink.dir/Users/Joel/Pico/pico-sdk/lib/cyw43-driver/src/cyw43_ll.c.obj
                0x10009370                cyw43_ll_wifi_get_mac
 .text.cyw43_ll_wifi_set_wpa_auth
                0x100093b0       0x2c CMakeFiles/blink.dir/Users/Joel/Pico/pico-sdk/lib/cyw43-driver/src/cyw43_ll.c.obj
                0x100093b0                cyw43_ll_wifi_set_wpa_auth
 .text.cyw43_ll_wifi_rejoin
                0x100093dc       0x1c CMakeFiles/blink.dir/Users/Joel/Pico/pico-sdk/lib/cyw43-driver/src/cyw43_ll.c.obj
                0x100093dc                cyw43_ll_wifi_rejoin
 .text.cyw43_ll_gpio_set
                0x100093f8       0x68 CMakeFiles/blink.dir/Users/Joel/Pico/pico-sdk/lib/cyw43-driver/src/cyw43_ll.c.obj
                0x100093f8                cyw43_ll_gpio_set
 .text.cyw43_ll_has_work
                0x10009460       0x14 CMakeFiles/blink.dir/Users/Joel/Pico/pico-sdk/lib/cyw43-driver/src/cyw43_ll.c.obj
                0x10009460                cyw43_ll_has_work
 .text.cyw43_poll_func
                0x10009474       0xc0 CMakeFiles/blink.dir/Users/Joel/Pico/pico-sdk/lib/cyw43-driver/src/cyw43_ctrl.c.obj
 .text.cyw43_init
                0x10009534       0x6c CMakeFiles/blink.dir/Users/Joel/Pico/pico-sdk/lib/cyw43-driver/src/cyw43_ctrl.c.obj
                0x10009534                cyw43_init
 .text.cyw43_deinit
                0x100095a0       0x90 CMakeFiles/blink.dir/Users/Joel/Pico/pico-sdk/lib/cyw43-driver/src/cyw43_ctrl.c.obj
                0x100095a0                cyw43_deinit
 .text.cyw43_cb_read_host_interrupt_pin
                0x10009630        0xc CMakeFiles/blink.dir/Users/Joel/Pico/pico-sdk/lib/cyw43-driver/src/cyw43_ctrl.c.obj
                0x10009630                cyw43_cb_read_host_interrupt_pin
 .text.cyw43_cb_ensure_awake
                0x1000963c        0xc CMakeFiles/blink.dir/Users/Joel/Pico/pico-sdk/lib/cyw43-driver/src/cyw43_ctrl.c.obj
                0x1000963c                cyw43_cb_ensure_awake
 .text.cyw43_cb_process_async_event
                0x10009648      0x214 CMakeFiles/blink.dir/Users/Joel/Pico/pico-sdk/lib/cyw43-driver/src/cyw43_ctrl.c.obj
                0x10009648                cyw43_cb_process_async_event
 .text.cyw43_gpio_set
                0x1000985c       0xa0 CMakeFiles/blink.dir/Users/Joel/Pico/pico-sdk/lib/cyw43-driver/src/cyw43_ctrl.c.obj
                0x1000985c                cyw43_gpio_set
 .text.pio_sm_unclaim
                0x100098fc       0x20 CMakeFiles/blink.dir/Users/Joel/Pico/pico-sdk/src/rp2_common/hardware_pio/pio.c.obj
                0x100098fc                pio_sm_unclaim
 .text.pio_claim_unused_sm
                0x1000991c       0x3c CMakeFiles/blink.dir/Users/Joel/Pico/pico-sdk/src/rp2_common/hardware_pio/pio.c.obj
                0x1000991c                pio_claim_unused_sm
 .text.pio_can_add_program
                0x10009958       0x68 CMakeFiles/blink.dir/Users/Joel/Pico/pico-sdk/src/rp2_common/hardware_pio/pio.c.obj
                0x10009958                pio_can_add_program
 .text.pio_add_program
                0x100099c0       0xf0 CMakeFiles/blink.dir/Users/Joel/Pico/pico-sdk/src/rp2_common/hardware_pio/pio.c.obj
                0x100099c0                pio_add_program
 .text.pio_remove_program
                0x10009ab0       0x34 CMakeFiles/blink.dir/Users/Joel/Pico/pico-sdk/src/rp2_common/hardware_pio/pio.c.obj
                0x10009ab0                pio_remove_program
 .text.pio_sm_set_pindirs_with_mask
                0x10009ae4       0xa8 CMakeFiles/blink.dir/Users/Joel/Pico/pico-sdk/src/rp2_common/hardware_pio/pio.c.obj
                0x10009ae4                pio_sm_set_pindirs_with_mask
 .text.pio_sm_set_consecutive_pindirs
                0x10009b8c       0xa8 CMakeFiles/blink.dir/Users/Joel/Pico/pico-sdk/src/rp2_common/hardware_pio/pio.c.obj
                0x10009b8c                pio_sm_set_consecutive_pindirs
 .text.dma_channel_unclaim
                0x10009c34       0x14 CMakeFiles/blink.dir/Users/Joel/Pico/pico-sdk/src/rp2_common/hardware_dma/dma.c.obj
                0x10009c34                dma_channel_unclaim
 .text.dma_claim_unused_channel
                0x10009c48       0x24 CMakeFiles/blink.dir/Users/Joel/Pico/pico-sdk/src/rp2_common/hardware_dma/dma.c.obj
                0x10009c48                dma_claim_unused_channel
 .text.dma_channel_cleanup
                0x10009c6c       0x60 CMakeFiles/blink.dir/Users/Joel/Pico/pico-sdk/src/rp2_common/hardware_dma/dma.c.obj
                0x10009c6c                dma_channel_cleanup
 .text.cyw43_sleep_timeout_reached
                0x10009ccc       0x10 CMakeFiles/blink.dir/Users/Joel/Pico/pico-sdk/src/rp2_common/pico_cyw43_driver/cyw43_driver.c.obj
 .text.cyw43_irq_init
                0x10009cdc       0x28 CMakeFiles/blink.dir/Users/Joel/Pico/pico-sdk/src/rp2_common/pico_cyw43_driver/cyw43_driver.c.obj
                0x10009cdc                cyw43_irq_init
 .text.cyw43_irq_deinit
                0x10009d04       0x20 CMakeFiles/blink.dir/Users/Joel/Pico/pico-sdk/src/rp2_common/pico_cyw43_driver/cyw43_driver.c.obj
                0x10009d04                cyw43_irq_deinit
 .text.cyw43_gpio_irq_handler
                0x10009d24       0x44 CMakeFiles/blink.dir/Users/Joel/Pico/pico-sdk/src/rp2_common/pico_cyw43_driver/cyw43_driver.c.obj
 .text.cyw43_do_poll
                0x10009d68       0x70 CMakeFiles/blink.dir/Users/Joel/Pico/pico-sdk/src/rp2_common/pico_cyw43_driver/cyw43_driver.c.obj
 .text.cyw43_post_poll_hook
                0x10009dd8       0x10 CMakeFiles/blink.dir/Users/Joel/Pico/pico-sdk/src/rp2_common/pico_cyw43_driver/cyw43_driver.c.obj
                0x10009dd8                cyw43_post_poll_hook
 .text.cyw43_schedule_internal_poll_dispatch
                0x10009de8       0x18 CMakeFiles/blink.dir/Users/Joel/Pico/pico-sdk/src/rp2_common/pico_cyw43_driver/cyw43_driver.c.obj
                0x10009de8                cyw43_schedule_internal_poll_dispatch
 .text.cyw43_driver_init
                0x10009e00       0x38 CMakeFiles/blink.dir/Users/Joel/Pico/pico-sdk/src/rp2_common/pico_cyw43_driver/cyw43_driver.c.obj
                0x10009e00                cyw43_driver_init
 .text.cyw43_driver_deinit
                0x10009e38       0x44 CMakeFiles/blink.dir/Users/Joel/Pico/pico-sdk/src/rp2_common/pico_cyw43_driver/cyw43_driver.c.obj
                0x10009e38                cyw43_driver_deinit
 .text.cyw43_hal_generate_laa_mac
                0x10009e7c       0x28 CMakeFiles/blink.dir/Users/Joel/Pico/pico-sdk/src/rp2_common/pico_cyw43_driver/cyw43_driver.c.obj
                0x10009e7c                cyw43_hal_generate_laa_mac
 .text.cyw43_thread_enter
                0x10009ea4       0x14 CMakeFiles/blink.dir/Users/Joel/Pico/pico-sdk/src/rp2_common/pico_cyw43_driver/cyw43_driver.c.obj
                0x10009ea4                cyw43_thread_enter
 .text.cyw43_thread_exit
                0x10009eb8       0x14 CMakeFiles/blink.dir/Users/Joel/Pico/pico-sdk/src/rp2_common/pico_cyw43_driver/cyw43_driver.c.obj
                0x10009eb8                cyw43_thread_exit
 .text.cyw43_await_background_or_timeout_us
                0x10009ecc       0x34 CMakeFiles/blink.dir/Users/Joel/Pico/pico-sdk/src/rp2_common/pico_cyw43_driver/cyw43_driver.c.obj
                0x10009ecc                cyw43_await_background_or_timeout_us
 .text.cyw43_delay_ms
                0x10009f00       0x48 CMakeFiles/blink.dir/Users/Joel/Pico/pico-sdk/src/rp2_common/pico_cyw43_driver/cyw43_driver.c.obj
                0x10009f00                cyw43_delay_ms
 .text.cyw43_cb_tcpip_deinit
                0x10009f48        0x4 CMakeFiles/blink.dir/Users/Joel/Pico/pico-sdk/src/rp2_common/pico_cyw43_driver/cyw43_driver.c.obj
                0x10009f48                cyw43_cb_tcpip_deinit
 .text.cyw43_cb_tcpip_set_link_up
                0x10009f4c        0xc CMakeFiles/blink.dir/Users/Joel/Pico/pico-sdk/src/rp2_common/pico_cyw43_driver/cyw43_driver.c.obj
                0x10009f4c                cyw43_cb_tcpip_set_link_up
 .text.cyw43_cb_tcpip_set_link_down
                0x10009f58        0xc CMakeFiles/blink.dir/Users/Joel/Pico/pico-sdk/src/rp2_common/pico_cyw43_driver/cyw43_driver.c.obj
                0x10009f58                cyw43_cb_tcpip_set_link_down
 .text.cyw43_cb_process_ethernet
                0x10009f64        0xc CMakeFiles/blink.dir/Users/Joel/Pico/pico-sdk/src/rp2_common/pico_cyw43_driver/cyw43_driver.c.obj
                0x10009f64                cyw43_cb_process_ethernet
 .text.async_context_threadsafe_background_acquire_lock_blocking
                0x10009f70        0xc CMakeFiles/blink.dir/Users/Joel/Pico/pico-sdk/src/rp2_common/pico_async_context/async_context_threadsafe_background.c.obj
 .text.alarm_handler
                0x10009f7c       0x20 CMakeFiles/blink.dir/Users/Joel/Pico/pico-sdk/src/rp2_common/pico_async_context/async_context_threadsafe_background.c.obj
 .text.async_context_threadsafe_background_set_work_pending
                0x10009f9c       0x1c CMakeFiles/blink.dir/Users/Joel/Pico/pico-sdk/src/rp2_common/pico_async_context/async_context_threadsafe_background.c.obj
 .text.process_under_lock
                0x10009fb8       0xcc CMakeFiles/blink.dir/Users/Joel/Pico/pico-sdk/src/rp2_common/pico_async_context/async_context_threadsafe_background.c.obj
 .text.async_context_threadsafe_background_execute_sync
                0x1000a084       0x30 CMakeFiles/blink.dir/Users/Joel/Pico/pico-sdk/src/rp2_common/pico_async_context/async_context_threadsafe_background.c.obj
                0x1000a084                async_context_threadsafe_background_execute_sync
 .text.async_context_threadsafe_background_deinit
                0x1000a0b4       0x54 CMakeFiles/blink.dir/Users/Joel/Pico/pico-sdk/src/rp2_common/pico_async_context/async_context_threadsafe_background.c.obj
 .text.low_priority_irq_handler
                0x1000a108       0x3c CMakeFiles/blink.dir/Users/Joel/Pico/pico-sdk/src/rp2_common/pico_async_context/async_context_threadsafe_background.c.obj
 .text.async_context_threadsafe_background_wait_for_work_until
                0x1000a144        0xc CMakeFiles/blink.dir/Users/Joel/Pico/pico-sdk/src/rp2_common/pico_async_context/async_context_threadsafe_background.c.obj
 .text.async_context_threadsafe_background_wait_until
                0x1000a150       0x1c CMakeFiles/blink.dir/Users/Joel/Pico/pico-sdk/src/rp2_common/pico_async_context/async_context_threadsafe_background.c.obj
 .text.async_context_threadsafe_background_lock_check
                0x1000a16c       0x28 CMakeFiles/blink.dir/Users/Joel/Pico/pico-sdk/src/rp2_common/pico_async_context/async_context_threadsafe_background.c.obj
 .text.async_context_threadsafe_background_release_lock
                0x1000a194       0x1c CMakeFiles/blink.dir/Users/Joel/Pico/pico-sdk/src/rp2_common/pico_async_context/async_context_threadsafe_background.c.obj
 .text.async_context_threadsafe_background_add_at_time_worker
                0x1000a1b0       0x34 CMakeFiles/blink.dir/Users/Joel/Pico/pico-sdk/src/rp2_common/pico_async_context/async_context_threadsafe_background.c.obj
 .text.async_context_threadsafe_background_remove_at_time_worker
                0x1000a1e4       0x34 CMakeFiles/blink.dir/Users/Joel/Pico/pico-sdk/src/rp2_common/pico_async_context/async_context_threadsafe_background.c.obj
 .text.async_context_threadsafe_background_add_when_pending_worker
                0x1000a218       0x34 CMakeFiles/blink.dir/Users/Joel/Pico/pico-sdk/src/rp2_common/pico_async_context/async_context_threadsafe_background.c.obj
 .text.async_context_threadsafe_background_when_pending_worker
                0x1000a24c       0x34 CMakeFiles/blink.dir/Users/Joel/Pico/pico-sdk/src/rp2_common/pico_async_context/async_context_threadsafe_background.c.obj
 .text.async_context_threadsafe_background_default_config
                0x1000a280        0xc CMakeFiles/blink.dir/Users/Joel/Pico/pico-sdk/src/rp2_common/pico_async_context/async_context_threadsafe_background.c.obj
                0x1000a280                async_context_threadsafe_background_default_config
 .text.async_context_threadsafe_background_init
                0x1000a28c       0x8c CMakeFiles/blink.dir/Users/Joel/Pico/pico-sdk/src/rp2_common/pico_async_context/async_context_threadsafe_background.c.obj
                0x1000a28c                async_context_threadsafe_background_init
 .text.async_context_base_add_at_time_worker
                0x1000a318       0x24 CMakeFiles/blink.dir/Users/Joel/Pico/pico-sdk/src/rp2_common/pico_async_context/async_context_base.c.obj
                0x1000a318                async_context_base_add_at_time_worker
 .text.async_context_base_remove_at_time_worker
                0x1000a33c       0x28 CMakeFiles/blink.dir/Users/Joel/Pico/pico-sdk/src/rp2_common/pico_async_context/async_context_base.c.obj
                0x1000a33c                async_context_base_remove_at_time_worker
 .text.async_context_base_add_when_pending_worker
                0x1000a364       0x24 CMakeFiles/blink.dir/Users/Joel/Pico/pico-sdk/src/rp2_common/pico_async_context/async_context_base.c.obj
                0x1000a364                async_context_base_add_when_pending_worker
 .text.async_context_base_remove_when_pending_worker
                0x1000a388       0x28 CMakeFiles/blink.dir/Users/Joel/Pico/pico-sdk/src/rp2_common/pico_async_context/async_context_base.c.obj
                0x1000a388                async_context_base_remove_when_pending_worker
 .text.async_context_base_execute_once
                0x1000a3b0      0x108 CMakeFiles/blink.dir/Users/Joel/Pico/pico-sdk/src/rp2_common/pico_async_context/async_context_base.c.obj
                0x1000a3b0                async_context_base_execute_once
 .text.memmove  0x1000a4b8       0xb0 /Applications/ArmGNUToolchain/13.2.Rel1/arm-none-eabi/bin/../lib/gcc/arm-none-eabi/13.2.1/../../../../arm-none-eabi/lib/thumb/v6-m/nofp/libc.a(libc_a-memmove.o)
                0x1000a4b8                memmove
 .text.strncmp  0x1000a568       0x74 /Applications/ArmGNUToolchain/13.2.Rel1/arm-none-eabi/bin/../lib/gcc/arm-none-eabi/13.2.1/../../../../arm-none-eabi/lib/thumb/v6-m/nofp/libc.a(libc_a-strncmp.o)
                0x1000a568                strncmp
 .text.strlen   0x1000a5dc       0x5c /Applications/ArmGNUToolchain/13.2.Rel1/arm-none-eabi/bin/../lib/gcc/arm-none-eabi/13.2.1/../../../../arm-none-eabi/lib/thumb/v6-m/nofp/libc.a(libc_a-strlen-stub.o)
                0x1000a5dc                strlen
 *(.fini)
 .fini          0x1000a638        0x4 /Applications/ArmGNUToolchain/13.2.Rel1/arm-none-eabi/bin/../lib/gcc/arm-none-eabi/13.2.1/thumb/v6-m/nofp/crti.o
                0x1000a638                _fini
 *fill*         0x1000a63c        0x4 
 .fini.__stub   0x1000a640      0x110 linker stubs
 *crtbegin.o(.ctors)
 *crtbegin?.o(.ctors)
 *(EXCLUDE_FILE(*crtend.o *crtend?.o) .ctors)
 *(SORT_BY_NAME(.ctors.*))
 *(.ctors)
 *crtbegin.o(.dtors)
 *crtbegin?.o(.dtors)
 *(EXCLUDE_FILE(*crtend.o *crtend?.o) .dtors)
 *(SORT_BY_NAME(.dtors.*))
 *(.dtors)
 *(.eh_frame*)
 .eh_frame      0x1000a750        0x0 /Applications/ArmGNUToolchain/13.2.Rel1/arm-none-eabi/bin/../lib/gcc/arm-none-eabi/13.2.1/thumb/v6-m/nofp/crtbegin.o
                0x1000a750                        . = ALIGN (0x4)

.glue_7         0x1000a750        0x0
 .glue_7        0x1000a750        0x0 linker stubs

.glue_7t        0x1000a750        0x0
 .glue_7t       0x1000a750        0x0 linker stubs

.vfp11_veneer   0x1000a750        0x0
 .vfp11_veneer  0x1000a750        0x0 linker stubs

.v4_bx          0x1000a750        0x0
 .v4_bx         0x1000a750        0x0 linker stubs

.iplt           0x1000a750        0x0
 .iplt          0x1000a750        0x0 /Applications/ArmGNUToolchain/13.2.Rel1/arm-none-eabi/bin/../lib/gcc/arm-none-eabi/13.2.1/thumb/v6-m/nofp/crtbegin.o

.rodata         0x1000a750    0x37e74
 *(EXCLUDE_FILE(*libm.a: *libc.a:*lib_a-mem*.o *libgcc.a:) .rodata*)
 .rodata.main.str1.4
                0x1000a750      0x558 CMakeFiles/blink.dir/blink.c.obj
                                 0x12 (size before relaxing)
 .rodata.spin_lock_claim_unused.str1.4
                0x1000aca8       0x1b CMakeFiles/blink.dir/Users/Joel/Pico/pico-sdk/src/rp2_common/hardware_sync/sync.c.obj
 .rodata.user_irq_claim_unused.str1.4
                0x1000aca8       0x1b CMakeFiles/blink.dir/Users/Joel/Pico/pico-sdk/src/rp2_common/hardware_irq/irq.c.obj
 .rodata.at_the_end_of_time
                0x1000aca8        0x8 CMakeFiles/blink.dir/Users/Joel/Pico/pico-sdk/src/common/pico_time/time.c.obj
                0x1000aca8                at_the_end_of_time
 .rodata.hardware_alarm_claim.str1.4
                0x1000acb0       0x22 CMakeFiles/blink.dir/Users/Joel/Pico/pico-sdk/src/rp2_common/hardware_timer/timer.c.obj
 .rodata.panic.str1.4
                0x1000acb0       0x12 CMakeFiles/blink.dir/Users/Joel/Pico/pico-sdk/src/rp2_common/pico_runtime/runtime.c.obj
 .rodata.hard_assertion_failure.str1.4
                0x1000acb0        0xc CMakeFiles/blink.dir/Users/Joel/Pico/pico-sdk/src/rp2_common/pico_runtime/runtime.c.obj
 .rodata._ftoa.str1.4
                0x1000acb0       0x15 CMakeFiles/blink.dir/Users/Joel/Pico/pico-sdk/src/rp2_common/pico_printf/printf.c.obj
 .rodata._vsnprintf
                0x1000acb0      0x19c CMakeFiles/blink.dir/Users/Joel/Pico/pico-sdk/src/rp2_common/pico_printf/printf.c.obj
 *fill*         0x1000ae4c        0x4 
 .rodata.pow10.0
                0x1000ae50       0x50 CMakeFiles/blink.dir/Users/Joel/Pico/pico-sdk/src/rp2_common/pico_printf/printf.c.obj
 .rodata.missing_double_func_shim.str1.4
                0x1000aea0       0x18 CMakeFiles/blink.dir/Users/Joel/Pico/pico-sdk/src/rp2_common/pico_double/double_init_rom.c.obj
 .rodata.missing_float_func_shim.str1.4
                0x1000aea0        0x1 CMakeFiles/blink.dir/Users/Joel/Pico/pico-sdk/src/rp2_common/pico_float/float_init_rom.c.obj
 .rodata.str1.4
                0x1000aea0       0x3c CMakeFiles/blink.dir/Users/Joel/Pico/pico-sdk/src/rp2_common/pico_standard_link/binary_info.c.obj
 .rodata.__bi_81
                0x1000aea0        0xc CMakeFiles/blink.dir/Users/Joel/Pico/pico-sdk/src/rp2_common/pico_standard_link/binary_info.c.obj
 .rodata.__bi_75
                0x1000aeac        0xc CMakeFiles/blink.dir/Users/Joel/Pico/pico-sdk/src/rp2_common/pico_standard_link/binary_info.c.obj
 .rodata.__bi_44
                0x1000aeb8        0xc CMakeFiles/blink.dir/Users/Joel/Pico/pico-sdk/src/rp2_common/pico_standard_link/binary_info.c.obj
 .rodata.crlf_str.0
                0x1000aec4        0x2 CMakeFiles/blink.dir/Users/Joel/Pico/pico-sdk/src/rp2_common/pico_stdio/stdio.c.obj
 .rodata.str1.4
                0x1000aec6       0x2c CMakeFiles/blink.dir/Users/Joel/Pico/pico-sdk/src/rp2_common/pico_stdio_uart/stdio_uart.c.obj
 *fill*         0x1000aec6        0x2 
 .rodata.__bi_33.4
                0x1000aec8        0xc CMakeFiles/blink.dir/Users/Joel/Pico/pico-sdk/src/rp2_common/pico_stdio_uart/stdio_uart.c.obj
 .rodata.__bi_34.5
                0x1000aed4        0x8 CMakeFiles/blink.dir/Users/Joel/Pico/pico-sdk/src/rp2_common/pico_stdio_uart/stdio_uart.c.obj
 .rodata._resetd_driver
                0x1000aedc       0x18 CMakeFiles/blink.dir/Users/Joel/Pico/pico-sdk/src/rp2_common/pico_stdio_usb/reset_interface.c.obj
 .rodata.str1.4
                0x1000aef4       0x13 CMakeFiles/blink.dir/Users/Joel/Pico/pico-sdk/src/rp2_common/pico_stdio_usb/stdio_usb.c.obj
 .rodata.__bi_182.0
                0x1000aef4        0xc CMakeFiles/blink.dir/Users/Joel/Pico/pico-sdk/src/rp2_common/pico_stdio_usb/stdio_usb.c.obj
 .rodata.str1.4
                0x1000af00       0x2a CMakeFiles/blink.dir/Users/Joel/Pico/pico-sdk/src/rp2_common/pico_stdio_usb/stdio_usb_descriptors.c.obj
 .rodata.usbd_desc_str
                0x1000af00       0x18 CMakeFiles/blink.dir/Users/Joel/Pico/pico-sdk/src/rp2_common/pico_stdio_usb/stdio_usb_descriptors.c.obj
 .rodata.usbd_desc_cfg
                0x1000af18       0x54 CMakeFiles/blink.dir/Users/Joel/Pico/pico-sdk/src/rp2_common/pico_stdio_usb/stdio_usb_descriptors.c.obj
 .rodata.usbd_desc_device
                0x1000af6c       0x12 CMakeFiles/blink.dir/Users/Joel/Pico/pico-sdk/src/rp2_common/pico_stdio_usb/stdio_usb_descriptors.c.obj
 .rodata.str1.4
                0x1000af7e       0x14 CMakeFiles/blink.dir/Users/Joel/Pico/pico-sdk/lib/tinyusb/src/portable/raspberrypi/rp2040/dcd_rp2040.c.obj
 .rodata.str1.4
                0x1000af7e       0x53 CMakeFiles/blink.dir/Users/Joel/Pico/pico-sdk/lib/tinyusb/src/portable/raspberrypi/rp2040/rp2040_usb.c.obj
 *fill*         0x1000af7e        0x2 
 .rodata.tud_task_ext
                0x1000af80       0x8c CMakeFiles/blink.dir/Users/Joel/Pico/pico-sdk/lib/tinyusb/src/device/usbd.c.obj
 .rodata._usbd_driver
                0x1000b00c       0x18 CMakeFiles/blink.dir/Users/Joel/Pico/pico-sdk/lib/tinyusb/src/device/usbd.c.obj
 .rodata.cyw43_read_bytes.str1.4
                0x1000b024       0x1a CMakeFiles/blink.dir/Users/Joel/Pico/pico-sdk/src/rp2_common/pico_cyw43_driver/cyw43_bus_pio_spi.c.obj
 .rodata.cyw43_write_bytes.str1.4
                0x1000b024        0xd CMakeFiles/blink.dir/Users/Joel/Pico/pico-sdk/src/rp2_common/pico_cyw43_driver/cyw43_bus_pio_spi.c.obj
 .rodata.spi_gap01_sample0_program
                0x1000b024        0x6 CMakeFiles/blink.dir/Users/Joel/Pico/pico-sdk/src/rp2_common/pico_cyw43_driver/cyw43_bus_pio_spi.c.obj
 *fill*         0x1000b02a        0x2 
 .rodata.spi_gap01_sample0_program_instructions
                0x1000b02c        0xc CMakeFiles/blink.dir/Users/Joel/Pico/pico-sdk/src/rp2_common/pico_cyw43_driver/cyw43_bus_pio_spi.c.obj
 .rodata.cyw43_kso_set.str1.4
                0x1000b038       0x23 CMakeFiles/blink.dir/Users/Joel/Pico/pico-sdk/lib/cyw43-driver/src/cyw43_ll.c.obj
 .rodata.cyw43_ll_sdpcm_poll_device.str1.4
                0x1000b038       0x55 CMakeFiles/blink.dir/Users/Joel/Pico/pico-sdk/lib/cyw43-driver/src/cyw43_ll.c.obj
 .rodata.cyw43_sdpcm_send_common.str1.4
                0x1000b038       0x22 CMakeFiles/blink.dir/Users/Joel/Pico/pico-sdk/lib/cyw43-driver/src/cyw43_ll.c.obj
 .rodata.cyw43_do_ioctl.str1.4
                0x1000b038       0x53 CMakeFiles/blink.dir/Users/Joel/Pico/pico-sdk/lib/cyw43-driver/src/cyw43_ll.c.obj
 .rodata.reset_device_core.constprop.0.str1.4
                0x1000b038       0x1a CMakeFiles/blink.dir/Users/Joel/Pico/pico-sdk/lib/cyw43-driver/src/cyw43_ll.c.obj
 .rodata.cyw43_ll_bus_init.str1.4
                0x1000b038       0xfe CMakeFiles/blink.dir/Users/Joel/Pico/pico-sdk/lib/cyw43-driver/src/cyw43_ll.c.obj
 .rodata.cyw43_ll_gpio_set.str1.4
                0x1000b038        0x8 CMakeFiles/blink.dir/Users/Joel/Pico/pico-sdk/lib/cyw43-driver/src/cyw43_ll.c.obj
 .rodata.w43439A0_7_95_49_00_combined
                0x1000b038    0x36fd8 CMakeFiles/blink.dir/Users/Joel/Pico/pico-sdk/lib/cyw43-driver/src/cyw43_ll.c.obj
 .rodata.wifi_nvram_4343
                0x10042010      0x2e7 CMakeFiles/blink.dir/Users/Joel/Pico/pico-sdk/lib/cyw43-driver/src/cyw43_ll.c.obj
 *fill*         0x100422f7        0x1 
 .rodata        0x100422f8       0x72 CMakeFiles/blink.dir/Users/Joel/Pico/pico-sdk/lib/cyw43-driver/src/cyw43_ll.c.obj
 .rodata.cyw43_cb_process_async_event.str1.4
                0x1004236a       0x28 CMakeFiles/blink.dir/Users/Joel/Pico/pico-sdk/lib/cyw43-driver/src/cyw43_ctrl.c.obj
 *fill*         0x1004236a        0x2 
 .rodata.cyw43_cb_process_async_event
                0x1004236c       0xbc CMakeFiles/blink.dir/Users/Joel/Pico/pico-sdk/lib/cyw43-driver/src/cyw43_ctrl.c.obj
 .rodata.str1.4
                0x10042428       0x9e CMakeFiles/blink.dir/Users/Joel/Pico/pico-sdk/lib/cyw43-driver/src/cyw43_ctrl.c.obj
 .rodata.cyw43_async_event_name_table
                0x10042428      0x164 CMakeFiles/blink.dir/Users/Joel/Pico/pico-sdk/lib/cyw43-driver/src/cyw43_ctrl.c.obj
 .rodata.pio_claim_unused_sm.str1.4
                0x1004258c       0x24 CMakeFiles/blink.dir/Users/Joel/Pico/pico-sdk/src/rp2_common/hardware_pio/pio.c.obj
 .rodata.pio_add_program.str1.4
                0x1004258c       0x11 CMakeFiles/blink.dir/Users/Joel/Pico/pico-sdk/src/rp2_common/hardware_pio/pio.c.obj
 .rodata.dma_claim_unused_channel.str1.4
                0x1004258c       0x1e CMakeFiles/blink.dir/Users/Joel/Pico/pico-sdk/src/rp2_common/hardware_dma/dma.c.obj
 .rodata.cyw43_cb_tcpip_set_link_up.str1.4
                0x1004258c       0x20 CMakeFiles/blink.dir/Users/Joel/Pico/pico-sdk/src/rp2_common/pico_cyw43_driver/cyw43_driver.c.obj
 .rodata.async_context_threadsafe_background_lock_check.str1.4
                0x1004258c       0x20 CMakeFiles/blink.dir/Users/Joel/Pico/pico-sdk/src/rp2_common/pico_async_context/async_context_threadsafe_background.c.obj
 .rodata.template
                0x1004258c       0x38 CMakeFiles/blink.dir/Users/Joel/Pico/pico-sdk/src/rp2_common/pico_async_context/async_context_threadsafe_background.c.obj
                0x100425c4                        . = ALIGN (0x4)
 *(SORT_BY_ALIGNMENT(SORT_BY_NAME(.flashdata*)))
                0x100425c4                        . = ALIGN (0x4)

.ARM.extab
 *(.ARM.extab* .gnu.linkonce.armextab.*)
                0x100425c4                        __exidx_start = .

.ARM.exidx
 *(.ARM.exidx* .gnu.linkonce.armexidx.*)
                0x100425c4                        __exidx_end = .
                0x100425c4                        . = ALIGN (0x4)
                0x100425c4                        __binary_info_start = .

.binary_info    0x100425c4       0x28
 *(.binary_info.keep.*)
 .binary_info.keep.__bi_ptr81
                0x100425c4        0x4 CMakeFiles/blink.dir/Users/Joel/Pico/pico-sdk/src/rp2_common/pico_standard_link/binary_info.c.obj
 .binary_info.keep.__bi_ptr75
                0x100425c8        0x4 CMakeFiles/blink.dir/Users/Joel/Pico/pico-sdk/src/rp2_common/pico_standard_link/binary_info.c.obj
 .binary_info.keep.__bi_ptr50
                0x100425cc        0x4 CMakeFiles/blink.dir/Users/Joel/Pico/pico-sdk/src/rp2_common/pico_standard_link/binary_info.c.obj
 .binary_info.keep.__bi_ptr44
                0x100425d0        0x4 CMakeFiles/blink.dir/Users/Joel/Pico/pico-sdk/src/rp2_common/pico_standard_link/binary_info.c.obj
 .binary_info.keep.__bi_ptr38
                0x100425d4        0x4 CMakeFiles/blink.dir/Users/Joel/Pico/pico-sdk/src/rp2_common/pico_standard_link/binary_info.c.obj
 .binary_info.keep.__bi_ptr30
                0x100425d8        0x4 CMakeFiles/blink.dir/Users/Joel/Pico/pico-sdk/src/rp2_common/pico_standard_link/binary_info.c.obj
 .binary_info.keep.__bi_ptr22
                0x100425dc        0x4 CMakeFiles/blink.dir/Users/Joel/Pico/pico-sdk/src/rp2_common/pico_standard_link/binary_info.c.obj
 *(.binary_info.*)
 .binary_info.__bi_ptr34
                0x100425e0        0x4 CMakeFiles/blink.dir/Users/Joel/Pico/pico-sdk/src/rp2_common/pico_stdio_uart/stdio_uart.c.obj
 .binary_info.__bi_ptr33
                0x100425e4        0x4 CMakeFiles/blink.dir/Users/Joel/Pico/pico-sdk/src/rp2_common/pico_stdio_uart/stdio_uart.c.obj
 .binary_info.__bi_ptr182
                0x100425e8        0x4 CMakeFiles/blink.dir/Users/Joel/Pico/pico-sdk/src/rp2_common/pico_stdio_usb/stdio_usb.c.obj
                0x100425ec                        __binary_info_end = .

.rel.dyn        0x100425ec        0x0
 .rel.iplt      0x100425ec        0x0 /Applications/ArmGNUToolchain/13.2.Rel1/arm-none-eabi/bin/../lib/gcc/arm-none-eabi/13.2.1/thumb/v6-m/nofp/crtbegin.o
                0x100425ec                        . = ALIGN (0x4)

.ram_vector_table
                0x20000000       0xc0
 *(.ram_vector_table)
 .ram_vector_table
                0x20000000       0xc0 CMakeFiles/blink.dir/Users/Joel/Pico/pico-sdk/src/rp2_common/pico_runtime/runtime.c.obj
                0x20000000                ram_vector_table

.data           0x200000c0     0x1000 load address 0x100425ec
                0x200000c0                        __data_start__ = .
 *(vtable)
 *(.time_critical*)
 .time_critical.sem_acquire_block_until
                0x200000c0       0x68 CMakeFiles/blink.dir/Users/Joel/Pico/pico-sdk/src/common/pico_sync/sem.c.obj
                0x200000c0                sem_acquire_block_until
 .time_critical.sem_release
                0x20000128       0x4c CMakeFiles/blink.dir/Users/Joel/Pico/pico-sdk/src/common/pico_sync/sem.c.obj
                0x20000128                sem_release
 .time_critical.recursive_mutex_enter_blocking
                0x20000174       0x50 CMakeFiles/blink.dir/Users/Joel/Pico/pico-sdk/src/common/pico_sync/mutex.c.obj
                0x20000174                recursive_mutex_enter_blocking
 .time_critical.mutex_try_enter
                0x200001c4       0x40 CMakeFiles/blink.dir/Users/Joel/Pico/pico-sdk/src/common/pico_sync/mutex.c.obj
                0x200001c4                mutex_try_enter
 .time_critical.mutex_try_enter_block_until
                0x20000204       0x9c CMakeFiles/blink.dir/Users/Joel/Pico/pico-sdk/src/common/pico_sync/mutex.c.obj
                0x20000204                mutex_try_enter_block_until
 .time_critical.recursive_mutex_try_enter
                0x200002a0       0x50 CMakeFiles/blink.dir/Users/Joel/Pico/pico-sdk/src/common/pico_sync/mutex.c.obj
                0x200002a0                recursive_mutex_try_enter
 .time_critical.mutex_enter_timeout_ms
                0x200002f0       0x90 CMakeFiles/blink.dir/Users/Joel/Pico/pico-sdk/src/common/pico_sync/mutex.c.obj
                0x200002f0                mutex_enter_timeout_ms
 .time_critical.mutex_exit
                0x20000380       0x28 CMakeFiles/blink.dir/Users/Joel/Pico/pico-sdk/src/common/pico_sync/mutex.c.obj
                0x20000380                mutex_exit
 .time_critical.recursive_mutex_exit
                0x200003a8       0x44 CMakeFiles/blink.dir/Users/Joel/Pico/pico-sdk/src/common/pico_sync/mutex.c.obj
                0x200003a8                recursive_mutex_exit
 .time_critical.flash_init_boot2_copyout
                0x200003ec       0x30 CMakeFiles/blink.dir/Users/Joel/Pico/pico-sdk/src/rp2_common/hardware_flash/flash.c.obj
 .time_critical.flash_enable_xip_via_boot2
                0x2000041c        0xc CMakeFiles/blink.dir/Users/Joel/Pico/pico-sdk/src/rp2_common/hardware_flash/flash.c.obj
 .time_critical.flash_cs_force
                0x20000428       0x38 CMakeFiles/blink.dir/Users/Joel/Pico/pico-sdk/src/rp2_common/hardware_flash/flash.c.obj
 .time_critical.flash_do_cmd
                0x20000460       0xc0 CMakeFiles/blink.dir/Users/Joel/Pico/pico-sdk/src/rp2_common/hardware_flash/flash.c.obj
                0x20000460                flash_do_cmd
 .time_critical.reset_non_control_endpoints
                0x20000520       0x68 CMakeFiles/blink.dir/Users/Joel/Pico/pico-sdk/lib/tinyusb/src/portable/raspberrypi/rp2040/dcd_rp2040.c.obj
 .time_critical.hw_handle_buff_status
                0x20000588       0xb0 CMakeFiles/blink.dir/Users/Joel/Pico/pico-sdk/lib/tinyusb/src/portable/raspberrypi/rp2040/dcd_rp2040.c.obj
 .time_critical.dcd_rp2040_irq
                0x20000638      0x510 CMakeFiles/blink.dir/Users/Joel/Pico/pico-sdk/lib/tinyusb/src/portable/raspberrypi/rp2040/dcd_rp2040.c.obj
 .time_critical.e15_is_bulkin_ep
                0x20000b48       0x28 CMakeFiles/blink.dir/Users/Joel/Pico/pico-sdk/lib/tinyusb/src/portable/raspberrypi/rp2040/rp2040_usb.c.obj
 .time_critical.e15_is_critical_frame_period
                0x20000b70       0x34 CMakeFiles/blink.dir/Users/Joel/Pico/pico-sdk/lib/tinyusb/src/portable/raspberrypi/rp2040/rp2040_usb.c.obj
 .time_critical.prepare_ep_buffer
                0x20000ba4       0x6c CMakeFiles/blink.dir/Users/Joel/Pico/pico-sdk/lib/tinyusb/src/portable/raspberrypi/rp2040/rp2040_usb.c.obj
 .time_critical.sync_ep_buffer
                0x20000c10       0x48 CMakeFiles/blink.dir/Users/Joel/Pico/pico-sdk/lib/tinyusb/src/portable/raspberrypi/rp2040/rp2040_usb.c.obj
 .time_critical._hw_endpoint_xfer_sync
                0x20000c58       0x28 CMakeFiles/blink.dir/Users/Joel/Pico/pico-sdk/lib/tinyusb/src/portable/raspberrypi/rp2040/rp2040_usb.c.obj
 .time_critical.hw_endpoint_reset_transfer
                0x20000c80        0xc CMakeFiles/blink.dir/Users/Joel/Pico/pico-sdk/lib/tinyusb/src/portable/raspberrypi/rp2040/rp2040_usb.c.obj
                0x20000c80                hw_endpoint_reset_transfer
 .time_critical._hw_endpoint_buffer_control_update32
                0x20000c8c       0x58 CMakeFiles/blink.dir/Users/Joel/Pico/pico-sdk/lib/tinyusb/src/portable/raspberrypi/rp2040/rp2040_usb.c.obj
                0x20000c8c                _hw_endpoint_buffer_control_update32
 .time_critical.hw_endpoint_start_next_buffer
                0x20000ce4       0x6c CMakeFiles/blink.dir/Users/Joel/Pico/pico-sdk/lib/tinyusb/src/portable/raspberrypi/rp2040/rp2040_usb.c.obj
                0x20000ce4                hw_endpoint_start_next_buffer
 .time_critical.hw_endpoint_xfer_continue
                0x20000d50       0x50 CMakeFiles/blink.dir/Users/Joel/Pico/pico-sdk/lib/tinyusb/src/portable/raspberrypi/rp2040/rp2040_usb.c.obj
                0x20000d50                hw_endpoint_xfer_continue
 .time_critical.tinyusb
                0x20000da0      0x16c CMakeFiles/blink.dir/Users/Joel/Pico/pico-sdk/lib/tinyusb/src/device/usbd.c.obj
                0x20000da0                dcd_event_handler
 *(.text*)
 .text          0x20000f0c        0x4 /Applications/ArmGNUToolchain/13.2.Rel1/arm-none-eabi/bin/../lib/gcc/arm-none-eabi/13.2.1/thumb/v6-m/nofp/libgcc.a(_dvmd_tls.o)
                0x20000f0c                __aeabi_ldiv0
                0x20000f0c                __aeabi_idiv0
 .text.__stub   0x20000f10       0x70 linker stubs
                0x20000f80                        . = ALIGN (0x4)
 *(.rodata*)
                0x20000f80                        . = ALIGN (0x4)
 *(.data*)
 .data.striped_spin_lock_num
                0x20000f80        0x1 CMakeFiles/blink.dir/Users/Joel/Pico/pico-sdk/src/rp2_common/hardware_sync/sync.c.obj
 *fill*         0x20000f81        0x3 
 .data          0x20000f84       0x48 CMakeFiles/blink.dir/Users/Joel/Pico/pico-sdk/src/rp2_common/hardware_irq/irq_handler_chain.S.obj
                0x20000f84                irq_handler_chain_slots
                0x20000fb4                irq_handler_chain_first_slot
                0x20000fbe                irq_handler_chain_remove_tail
 .data.default_alarm_pool
                0x20000fcc       0x18 CMakeFiles/blink.dir/Users/Joel/Pico/pico-sdk/src/common/pico_time/time.c.obj
 .data.default_alarm_pool_heap
                0x20000fe4       0x10 CMakeFiles/blink.dir/Users/Joel/Pico/pico-sdk/src/common/pico_time/time.c.obj
 *fill*         0x20000ff4        0xc 
 .data.aeabi_bits_funcs
                0x20001000       0x10 CMakeFiles/blink.dir/Users/Joel/Pico/pico-sdk/src/rp2_common/pico_bit_ops/bit_ops_aeabi.S.obj
                0x20001000                aeabi_bits_funcs
                0x20001010                aeabi_bits_funcs_end
 .data.aeabi_mem_funcs
                0x20001010       0x10 CMakeFiles/blink.dir/Users/Joel/Pico/pico-sdk/src/rp2_common/pico_mem_ops/mem_ops_aeabi.S.obj
                0x20001010                aeabi_mem_funcs
                0x20001020                aeabi_mem_funcs_end
 .data.stdio_uart
                0x20001020       0x18 CMakeFiles/blink.dir/Users/Joel/Pico/pico-sdk/src/rp2_common/pico_stdio_uart/stdio_uart.c.obj
                0x20001020                stdio_uart
 .data.stdio_usb
                0x20001038       0x18 CMakeFiles/blink.dir/Users/Joel/Pico/pico-sdk/src/rp2_common/pico_stdio_usb/stdio_usb.c.obj
                0x20001038                stdio_usb
 .data.ep_dir_string
                0x20001050        0x8 CMakeFiles/blink.dir/Users/Joel/Pico/pico-sdk/lib/tinyusb/src/portable/raspberrypi/rp2040/rp2040_usb.c.obj
                0x20001050                ep_dir_string
 .data._usbd_qdef
                0x20001058       0x1c CMakeFiles/blink.dir/Users/Joel/Pico/pico-sdk/lib/tinyusb/src/device/usbd.c.obj
                0x20001058                _usbd_qdef
 .data._usbd_rhport
                0x20001074        0x1 CMakeFiles/blink.dir/Users/Joel/Pico/pico-sdk/lib/tinyusb/src/device/usbd.c.obj
 *fill*         0x20001075        0x3 
 .data.cyw43_poll_worker
                0x20001078       0x10 CMakeFiles/blink.dir/Users/Joel/Pico/pico-sdk/src/rp2_common/pico_cyw43_driver/cyw43_driver.c.obj
 .data.sleep_timeout_worker
                0x20001088       0x18 CMakeFiles/blink.dir/Users/Joel/Pico/pico-sdk/src/rp2_common/pico_cyw43_driver/cyw43_driver.c.obj
                0x200010a0                        . = ALIGN (0x4)
 *(.after_data.*)
                0x200010a0                        . = ALIGN (0x4)
                0x200010a0                        PROVIDE (__mutex_array_start = .)
 *(SORT_BY_NAME(.mutex_array.*))
 *(.mutex_array)
 .mutex_array   0x200010a0        0x8 CMakeFiles/blink.dir/Users/Joel/Pico/pico-sdk/src/rp2_common/pico_stdio/stdio.c.obj
                0x200010a8                        PROVIDE (__mutex_array_end = .)
                0x200010a8                        . = ALIGN (0x4)
                0x200010a8                        PROVIDE (__preinit_array_start = .)
 *(SORT_BY_NAME(.preinit_array.*))
 .preinit_array.00001
                0x200010a8        0x4 CMakeFiles/blink.dir/Users/Joel/Pico/pico-sdk/src/rp2_common/pico_mem_ops/mem_ops_aeabi.S.obj
 .preinit_array.00010
                0x200010ac        0x4 CMakeFiles/blink.dir/Users/Joel/Pico/pico-sdk/src/rp2_common/pico_bit_ops/bit_ops_aeabi.S.obj
 .preinit_array.00020
                0x200010b0        0x4 CMakeFiles/blink.dir/Users/Joel/Pico/pico-sdk/src/rp2_common/pico_double/double_aeabi.S.obj
 .preinit_array.00020
                0x200010b4        0x4 CMakeFiles/blink.dir/Users/Joel/Pico/pico-sdk/src/rp2_common/pico_float/float_aeabi.S.obj
 *(.preinit_array)
                0x200010b8                        PROVIDE (__preinit_array_end = .)
                0x200010b8                        . = ALIGN (0x4)
                0x200010b8                        PROVIDE (__init_array_start = .)
 *(SORT_BY_NAME(.init_array.*))
 *(.init_array)
 .init_array    0x200010b8        0x4 /Applications/ArmGNUToolchain/13.2.Rel1/arm-none-eabi/bin/../lib/gcc/arm-none-eabi/13.2.1/thumb/v6-m/nofp/crtbegin.o
 .init_array    0x200010bc        0x4 CMakeFiles/blink.dir/Users/Joel/Pico/pico-sdk/src/rp2_common/pico_unique_id/unique_id.c.obj
                0x200010c0                        PROVIDE (__init_array_end = .)
                0x200010c0                        . = ALIGN (0x4)
                [!provide]                        PROVIDE (__fini_array_start = .)
 *(SORT_BY_NAME(.fini_array.*))
 *(.fini_array)
                [!provide]                        PROVIDE (__fini_array_end = .)
 *(.jcr)
                0x200010c0                        . = ALIGN (0x4)
                0x200010c0                        __data_end__ = .
                0x100425ec                        __etext = LOADADDR (.data)

.tm_clone_table
                0x200010c0        0x0 load address 0x100435ec
 .tm_clone_table
                0x200010c0        0x0 /Applications/ArmGNUToolchain/13.2.Rel1/arm-none-eabi/bin/../lib/gcc/arm-none-eabi/13.2.1/thumb/v6-m/nofp/crtbegin.o
 .tm_clone_table
                0x200010c0        0x0 /Applications/ArmGNUToolchain/13.2.Rel1/arm-none-eabi/bin/../lib/gcc/arm-none-eabi/13.2.1/thumb/v6-m/nofp/crtend.o

.igot.plt       0x200010c0        0x0 load address 0x100435ec
 .igot.plt      0x200010c0        0x0 /Applications/ArmGNUToolchain/13.2.Rel1/arm-none-eabi/bin/../lib/gcc/arm-none-eabi/13.2.1/thumb/v6-m/nofp/crtbegin.o

.uninitialized_data
                0x200010c0        0x0 load address 0x100435ec
                0x200010c0                        . = ALIGN (0x4)
 *(.uninitialized_data*)

.scratch_x      0x20040000        0x0 load address 0x100435ec
                0x20040000                        __scratch_x_start__ = .
 *(.scratch_x.*)
                0x20040000                        . = ALIGN (0x4)
                0x20040000                        __scratch_x_end__ = .
                0x100435ec                        __scratch_x_source__ = LOADADDR (.scratch_x)

.scratch_y      0x20041000        0x0 load address 0x100435ec
                0x20041000                        __scratch_y_start__ = .
 *(.scratch_y.*)
                0x20041000                        . = ALIGN (0x4)
                0x20041000                        __scratch_y_end__ = .
                0x100435ec                        __scratch_y_source__ = LOADADDR (.scratch_y)

.bss            0x200010c0     0x1714